MemTotal:       65701204 kB
MemFree:        56218024 kB
MemAvailable:   64163188 kB
Buffers:          346628 kB
Cached:          7530532 kB
SwapCached:            0 kB
Active:          4781820 kB
Inactive:        3513332 kB
Active(anon):     419652 kB
Inactive(anon):    10444 kB
Active(file):    4362168 kB
Inactive(file):  3502888 kB
Unevictable:           0 kB
Mlocked:               0 kB
SwapTotal:      32965628 kB
SwapFree:       32965628 kB
Dirty:               136 kB
Writeback:             0 kB
AnonPages:        418008 kB
Mapped:           111080 kB
Shmem:             12108 kB
Slab:             609088 kB
SReclaimable:     417992 kB
SUnreclaim:       191096 kB
KernelStack:       19200 kB
PageTables:        27336 kB
NFS_Unstable:          0 kB
Bounce:                0 kB
WritebackTmp:          0 kB
CommitLimit:    65816228 kB
Committed_AS:    2415056 kB
VmallocTotal:   34359738367 kB
VmallocUsed:      468748 kB
VmallocChunk:   34325711428 kB
HardwareCorrupted:     0 kB
AnonHugePages:    112640 kB
HugePages_Total:       0
HugePages_Free:        0
HugePages_Rsvd:        0
HugePages_Surp:        0
Hugepagesize:       2048 kB
DirectMap4k:      188600 kB
DirectMap2M:     3919872 kB
DirectMap1G:    62914560 kB
