MemTotal:       65701204 kB
MemFree:        58861828 kB
MemAvailable:   64169512 kB
Buffers:            2460 kB
Cached:          5138408 kB
SwapCached:            0 kB
Active:          1897656 kB
Inactive:        3495632 kB
Active(anon):     254128 kB
Inactive(anon):     9044 kB
Active(file):    1643528 kB
Inactive(file):  3486588 kB
Unevictable:           0 kB
Mlocked:               0 kB
SwapTotal:      33554428 kB
SwapFree:       33554428 kB
Dirty:                 0 kB
Writeback:             0 kB
AnonPages:        252432 kB
Mapped:            90688 kB
Shmem:             10752 kB
Slab:             774924 kB
SReclaimable:     515452 kB
SUnreclaim:       259472 kB
KernelStack:       18272 kB
PageTables:        16576 kB
NFS_Unstable:          0 kB
Bounce:                0 kB
WritebackTmp:          0 kB
CommitLimit:    66405028 kB
Committed_AS:    1463116 kB
VmallocTotal:   34359738367 kB
VmallocUsed:      470912 kB
VmallocChunk:   34325727008 kB
HardwareCorrupted:     0 kB
AnonHugePages:     45056 kB
HugePages_Total:       0
HugePages_Free:        0
HugePages_Rsvd:        0
HugePages_Surp:        0
Hugepagesize:       2048 kB
DirectMap4k:      180408 kB
DirectMap2M:     3928064 kB
DirectMap1G:    62914560 kB
