MemTotal:        3882136 kB
MemFree:         1832996 kB
MemAvailable:    2683452 kB
Buffers:          423080 kB
Cached:           536592 kB
SwapCached:          220 kB
Active:           923480 kB
Inactive:         848216 kB
Active(anon):     360176 kB
Inactive(anon):   461928 kB
Active(file):     563304 kB
Inactive(file):   386288 kB
Unevictable:           0 kB
Mlocked:               0 kB
SwapTotal:       1949692 kB
SwapFree:        1949052 kB
Dirty:               528 kB
Writeback:             0 kB
AnonPages:        812320 kB
Mapped:            30480 kB
Shmem:              9712 kB
Slab:             201500 kB
SReclaimable:     139596 kB
SUnreclaim:        61904 kB
KernelStack:        6160 kB
PageTables:        27384 kB
NFS_Unstable:          0 kB
Bounce:                0 kB
WritebackTmp:          0 kB
CommitLimit:     3890760 kB
Committed_AS:    2654792 kB
VmallocTotal:   34359738367 kB
VmallocUsed:       55240 kB
VmallocChunk:   34359673848 kB
HardwareCorrupted:     0 kB
AnonHugePages:    507904 kB
HugePages_Total:       0
HugePages_Free:        0
HugePages_Rsvd:        0
HugePages_Surp:        0
Hugepagesize:       2048 kB
DirectMap4k:       92096 kB
DirectMap2M:     4102144 kB
