MemTotal:       65701204 kB
MemFree:        58705352 kB
MemAvailable:   64162012 kB
Buffers:          354760 kB
Cached:          5157924 kB
SwapCached:            0 kB
Active:          2292788 kB
Inactive:        3451584 kB
Active(anon):     240152 kB
Inactive(anon):     8992 kB
Active(file):    2052636 kB
Inactive(file):  3442592 kB
Unevictable:       21040 kB
Mlocked:           21040 kB
SwapTotal:      33550332 kB
SwapFree:       33550332 kB
Dirty:                72 kB
Writeback:             0 kB
AnonPages:        252744 kB
Mapped:            95080 kB
Shmem:             10748 kB
Slab:             495408 kB
SReclaimable:     299316 kB
SUnreclaim:       196092 kB
KernelStack:       19008 kB
PageTables:        16832 kB
NFS_Unstable:          0 kB
Bounce:                0 kB
WritebackTmp:          0 kB
CommitLimit:    66400932 kB
Committed_AS:    1505680 kB
VmallocTotal:   34359738367 kB
VmallocUsed:      643196 kB
VmallocChunk:   34325554840 kB
HardwareCorrupted:     0 kB
AnonHugePages:     45056 kB
HugePages_Total:       0
HugePages_Free:        0
HugePages_Rsvd:        0
HugePages_Surp:        0
Hugepagesize:       2048 kB
DirectMap4k:      196792 kB
DirectMap2M:     4960256 kB
DirectMap1G:    61865984 kB
