MemTotal:       65701204 kB
MemFree:        57542496 kB
MemAvailable:   64223908 kB
Buffers:            1104 kB
Cached:          6847428 kB
SwapCached:            0 kB
Active:          3758384 kB
Inactive:        3494784 kB
Active(anon):     406240 kB
Inactive(anon):     9704 kB
Active(file):    3352144 kB
Inactive(file):  3485080 kB
Unevictable:           0 kB
Mlocked:               0 kB
SwapTotal:      33554428 kB
SwapFree:       33554428 kB
Dirty:               500 kB
Writeback:             0 kB
AnonPages:        404680 kB
Mapped:           107468 kB
Shmem:             11308 kB
Slab:             321948 kB
SReclaimable:     138888 kB
SUnreclaim:       183060 kB
KernelStack:       19728 kB
PageTables:        26000 kB
NFS_Unstable:          0 kB
Bounce:                0 kB
WritebackTmp:          0 kB
CommitLimit:    66405028 kB
Committed_AS:    2296088 kB
VmallocTotal:   34359738367 kB
VmallocUsed:      468860 kB
VmallocChunk:   34325729440 kB
HardwareCorrupted:     0 kB
AnonHugePages:    114688 kB
HugePages_Total:       0
HugePages_Free:        0
HugePages_Rsvd:        0
HugePages_Surp:        0
Hugepagesize:       2048 kB
DirectMap4k:      227512 kB
DirectMap2M:     3880960 kB
DirectMap1G:    62914560 kB
