MemTotal:       65701204 kB
MemFree:        59088144 kB
MemAvailable:   64143764 kB
Buffers:            2400 kB
Cached:          5189976 kB
SwapCached:            0 kB
Active:          2032432 kB
Inactive:        3561980 kB
Active(anon):     403744 kB
Inactive(anon):     9760 kB
Active(file):    1628688 kB
Inactive(file):  3552220 kB
Unevictable:           0 kB
Mlocked:               0 kB
SwapTotal:      33505276 kB
SwapFree:       33505276 kB
Dirty:                 8 kB
Writeback:             0 kB
AnonPages:        402088 kB
Mapped:           107572 kB
Shmem:             11464 kB
Slab:             401868 kB
SReclaimable:     199932 kB
SUnreclaim:       201936 kB
KernelStack:       19584 kB
PageTables:        25988 kB
NFS_Unstable:          0 kB
Bounce:                0 kB
WritebackTmp:          0 kB
CommitLimit:    66355876 kB
Committed_AS:    2338024 kB
VmallocTotal:   34359738367 kB
VmallocUsed:      470912 kB
VmallocChunk:   34325729020 kB
HardwareCorrupted:     0 kB
AnonHugePages:    108544 kB
HugePages_Total:       0
HugePages_Free:        0
HugePages_Rsvd:        0
HugePages_Surp:        0
Hugepagesize:       2048 kB
DirectMap4k:      188600 kB
DirectMap2M:     3919872 kB
DirectMap1G:    62914560 kB
