Initializing cgroup subsys cpuset
Initializing cgroup subsys cpu
Initializing cgroup subsys cpuacct
Linux version 3.10.0-327.el7.x86_64 (builder@kbuilder.dev.centos.org) (gcc version 4.8.3 20140911 (Red Hat 4.8.3-9) (GCC) ) #1 SMP Thu Nov 19 22:10:57 UTC 2015
Command line: BOOT_IMAGE=/vmlinuz-3.10.0-327.el7.x86_64 root=/dev/mapper/hdd-root ro crashkernel=auto rd.lvm.lv=hdd/root rd.md.uuid=64111190:07dc7c8a:2b375954:d5ae9c3d rd.lvm.lv=hdd/swap rhgb quiet LANG=en_US.UTF-8
e820: BIOS-provided physical RAM map:
BIOS-e820: [mem 0x0000000000000000-0x000000000009ffff] usable
BIOS-e820: [mem 0x00000000000c0000-0x000000000010ffff] reserved
BIOS-e820: [mem 0x0000000000110000-0x00000000a85b0fff] usable
BIOS-e820: [mem 0x00000000a85b1000-0x00000000a85f4fff] reserved
BIOS-e820: [mem 0x00000000a85f5000-0x00000000aac4cfff] usable
BIOS-e820: [mem 0x00000000aac4d000-0x00000000ab696fff] reserved
BIOS-e820: [mem 0x00000000ab697000-0x00000000abefefff] ACPI NVS
BIOS-e820: [mem 0x00000000abeff000-0x00000000abfcafff] ACPI data
BIOS-e820: [mem 0x00000000abfcb000-0x00000000abffffff] usable
BIOS-e820: [mem 0x00000000b0000000-0x00000000bfffffff] reserved
BIOS-e820: [mem 0x00000000fed1c000-0x00000000fed1ffff] reserved
BIOS-e820: [mem 0x0000000100000000-0x000000104fffffff] usable
NX (Execute Disable) protection: active
e820: update [mem 0xa456a018-0xa4576657] usable ==> usable
e820: update [mem 0xa4549018-0xa4569657] usable ==> usable
e820: update [mem 0xa43eb018-0xa440b657] usable ==> usable
extended physical RAM map:
reserve setup_data: [mem 0x0000000000000000-0x000000000009ffff] usable
reserve setup_data: [mem 0x00000000000c0000-0x000000000010ffff] reserved
reserve setup_data: [mem 0x0000000000110000-0x00000000a43eb017] usable
reserve setup_data: [mem 0x00000000a43eb018-0x00000000a440b657] usable
reserve setup_data: [mem 0x00000000a440b658-0x00000000a4549017] usable
reserve setup_data: [mem 0x00000000a4549018-0x00000000a4569657] usable
reserve setup_data: [mem 0x00000000a4569658-0x00000000a456a017] usable
reserve setup_data: [mem 0x00000000a456a018-0x00000000a4576657] usable
reserve setup_data: [mem 0x00000000a4576658-0x00000000a85b0fff] usable
reserve setup_data: [mem 0x00000000a85b1000-0x00000000a85f4fff] reserved
reserve setup_data: [mem 0x00000000a85f5000-0x00000000aac4cfff] usable
reserve setup_data: [mem 0x00000000aac4d000-0x00000000ab696fff] reserved
reserve setup_data: [mem 0x00000000ab697000-0x00000000abefefff] ACPI NVS
reserve setup_data: [mem 0x00000000abeff000-0x00000000abfcafff] ACPI data
reserve setup_data: [mem 0x00000000abfcb000-0x00000000abffffff] usable
reserve setup_data: [mem 0x00000000b0000000-0x00000000bfffffff] reserved
reserve setup_data: [mem 0x00000000fed1c000-0x00000000fed1ffff] reserved
reserve setup_data: [mem 0x0000000100000000-0x000000104fffffff] usable
efi: EFI v2.31 by EDK II BIOS ID:
efi:  ACPI=0xabfca000  ACPI 2.0=0xabfca014  SMBIOS=0xab696000 
efi: mem00: type=3, attr=0xf, range=[0x0000000000000000-0x0000000000001000) (0MB)
efi: mem01: type=2, attr=0xf, range=[0x0000000000001000-0x0000000000002000) (0MB)
efi: mem02: type=7, attr=0xf, range=[0x0000000000002000-0x000000000005a000) (0MB)
efi: mem03: type=4, attr=0xf, range=[0x000000000005a000-0x000000000006b000) (0MB)
efi: mem04: type=3, attr=0xf, range=[0x000000000006b000-0x00000000000a0000) (0MB)
efi: mem05: type=5, attr=0x8000000000000000, range=[0x00000000000c0000-0x0000000000100000) (0MB)
efi: mem06: type=5, attr=0x800000000000000f, range=[0x0000000000100000-0x0000000000110000) (0MB)
efi: mem07: type=7, attr=0xf, range=[0x0000000000110000-0x0000000000c00000) (10MB)
efi: mem08: type=3, attr=0xf, range=[0x0000000000c00000-0x0000000001000000) (4MB)
efi: mem09: type=2, attr=0xf, range=[0x0000000001000000-0x0000000002354000) (19MB)
efi: mem10: type=7, attr=0xf, range=[0x0000000002354000-0x000000003e203000) (958MB)
efi: mem11: type=2, attr=0xf, range=[0x000000003e203000-0x0000000040000000) (29MB)
efi: mem12: type=7, attr=0xf, range=[0x0000000040000000-0x000000006f33b000) (755MB)
efi: mem13: type=2, attr=0xf, range=[0x000000006f33b000-0x000000009804e000) (653MB)
efi: mem14: type=4, attr=0xf, range=[0x000000009804e000-0x00000000980ce000) (0MB)
efi: mem15: type=7, attr=0xf, range=[0x00000000980ce000-0x00000000a38ff000) (184MB)
efi: mem16: type=2, attr=0xf, range=[0x00000000a38ff000-0x00000000a39f6000) (0MB)
efi: mem17: type=4, attr=0xf, range=[0x00000000a39f6000-0x00000000a3af4000) (0MB)
efi: mem18: type=2, attr=0xf, range=[0x00000000a3af4000-0x00000000a3af5000) (0MB)
efi: mem19: type=4, attr=0xf, range=[0x00000000a3af5000-0x00000000a42dd000) (7MB)
efi: mem20: type=3, attr=0xf, range=[0x00000000a42dd000-0x00000000a42de000) (0MB)
efi: mem21: type=4, attr=0xf, range=[0x00000000a42de000-0x00000000a436f000) (0MB)
efi: mem22: type=7, attr=0xf, range=[0x00000000a436f000-0x00000000a43eb000) (0MB)
efi: mem23: type=2, attr=0xf, range=[0x00000000a43eb000-0x00000000a440c000) (0MB)
efi: mem24: type=1, attr=0xf, range=[0x00000000a440c000-0x00000000a4533000) (1MB)
efi: mem25: type=7, attr=0xf, range=[0x00000000a4533000-0x00000000a4549000) (0MB)
efi: mem26: type=2, attr=0xf, range=[0x00000000a4549000-0x00000000a4670000) (1MB)
efi: mem27: type=4, attr=0xf, range=[0x00000000a4670000-0x00000000a469e000) (0MB)
efi: mem28: type=2, attr=0xf, range=[0x00000000a469e000-0x00000000a46a5000) (0MB)
efi: mem29: type=4, attr=0xf, range=[0x00000000a46a5000-0x00000000a4b4f000) (4MB)
efi: mem30: type=3, attr=0xf, range=[0x00000000a4b4f000-0x00000000a4b51000) (0MB)
efi: mem31: type=4, attr=0xf, range=[0x00000000a4b51000-0x00000000a4b52000) (0MB)
efi: mem32: type=3, attr=0xf, range=[0x00000000a4b52000-0x00000000a4b59000) (0MB)
efi: mem33: type=4, attr=0xf, range=[0x00000000a4b59000-0x00000000a4b5a000) (0MB)
efi: mem34: type=3, attr=0xf, range=[0x00000000a4b5a000-0x00000000a4b5b000) (0MB)
efi: mem35: type=4, attr=0xf, range=[0x00000000a4b5b000-0x00000000a4b5c000) (0MB)
efi: mem36: type=3, attr=0xf, range=[0x00000000a4b5c000-0x00000000a4b72000) (0MB)
efi: mem37: type=4, attr=0xf, range=[0x00000000a4b72000-0x00000000a4c03000) (0MB)
efi: mem38: type=3, attr=0xf, range=[0x00000000a4c03000-0x00000000a4c28000) (0MB)
efi: mem39: type=4, attr=0xf, range=[0x00000000a4c28000-0x00000000a4c2d000) (0MB)
efi: mem40: type=3, attr=0xf, range=[0x00000000a4c2d000-0x00000000a4c33000) (0MB)
efi: mem41: type=4, attr=0xf, range=[0x00000000a4c33000-0x00000000a4c34000) (0MB)
efi: mem42: type=3, attr=0xf, range=[0x00000000a4c34000-0x00000000a4c3a000) (0MB)
efi: mem43: type=4, attr=0xf, range=[0x00000000a4c3a000-0x00000000a4c3c000) (0MB)
efi: mem44: type=3, attr=0xf, range=[0x00000000a4c3c000-0x00000000a4c41000) (0MB)
efi: mem45: type=4, attr=0xf, range=[0x00000000a4c41000-0x00000000a4c42000) (0MB)
efi: mem46: type=3, attr=0xf, range=[0x00000000a4c42000-0x00000000a4c43000) (0MB)
efi: mem47: type=4, attr=0xf, range=[0x00000000a4c43000-0x00000000a4c44000) (0MB)
efi: mem48: type=3, attr=0xf, range=[0x00000000a4c44000-0x00000000a4c6b000) (0MB)
efi: mem49: type=4, attr=0xf, range=[0x00000000a4c6b000-0x00000000a4c7b000) (0MB)
efi: mem50: type=3, attr=0xf, range=[0x00000000a4c7b000-0x00000000a4c83000) (0MB)
efi: mem51: type=4, attr=0xf, range=[0x00000000a4c83000-0x00000000a4c84000) (0MB)
efi: mem52: type=3, attr=0xf, range=[0x00000000a4c84000-0x00000000a4c9a000) (0MB)
efi: mem53: type=4, attr=0xf, range=[0x00000000a4c9a000-0x00000000a4c9b000) (0MB)
efi: mem54: type=3, attr=0xf, range=[0x00000000a4c9b000-0x00000000a4c9e000) (0MB)
efi: mem55: type=4, attr=0xf, range=[0x00000000a4c9e000-0x00000000a4c9f000) (0MB)
efi: mem56: type=3, attr=0xf, range=[0x00000000a4c9f000-0x00000000a4ca2000) (0MB)
efi: mem57: type=4, attr=0xf, range=[0x00000000a4ca2000-0x00000000a4d79000) (0MB)
efi: mem58: type=3, attr=0xf, range=[0x00000000a4d79000-0x00000000a4d7b000) (0MB)
efi: mem59: type=4, attr=0xf, range=[0x00000000a4d7b000-0x00000000a4d7c000) (0MB)
efi: mem60: type=3, attr=0xf, range=[0x00000000a4d7c000-0x00000000a4d7f000) (0MB)
efi: mem61: type=4, attr=0xf, range=[0x00000000a4d7f000-0x00000000a4d80000) (0MB)
efi: mem62: type=3, attr=0xf, range=[0x00000000a4d80000-0x00000000a4d91000) (0MB)
efi: mem63: type=4, attr=0xf, range=[0x00000000a4d91000-0x00000000a4da3000) (0MB)
efi: mem64: type=3, attr=0xf, range=[0x00000000a4da3000-0x00000000a4dc5000) (0MB)
efi: mem65: type=4, attr=0xf, range=[0x00000000a4dc5000-0x00000000a4dd5000) (0MB)
efi: mem66: type=3, attr=0xf, range=[0x00000000a4dd5000-0x00000000a4df9000) (0MB)
efi: mem67: type=4, attr=0xf, range=[0x00000000a4df9000-0x00000000a4dfb000) (0MB)
efi: mem68: type=3, attr=0xf, range=[0x00000000a4dfb000-0x00000000a4e23000) (0MB)
efi: mem69: type=4, attr=0xf, range=[0x00000000a4e23000-0x00000000a4e28000) (0MB)
efi: mem70: type=3, attr=0xf, range=[0x00000000a4e28000-0x00000000a4edc000) (0MB)
efi: mem71: type=4, attr=0xf, range=[0x00000000a4edc000-0x00000000a4eeb000) (0MB)
efi: mem72: type=3, attr=0xf, range=[0x00000000a4eeb000-0x00000000a4eff000) (0MB)
efi: mem73: type=4, attr=0xf, range=[0x00000000a4eff000-0x00000000a4f03000) (0MB)
efi: mem74: type=3, attr=0xf, range=[0x00000000a4f03000-0x00000000a4f13000) (0MB)
efi: mem75: type=4, attr=0xf, range=[0x00000000a4f13000-0x00000000a4f14000) (0MB)
efi: mem76: type=3, attr=0xf, range=[0x00000000a4f14000-0x00000000a4f1a000) (0MB)
efi: mem77: type=4, attr=0xf, range=[0x00000000a4f1a000-0x00000000a4f1c000) (0MB)
efi: mem78: type=3, attr=0xf, range=[0x00000000a4f1c000-0x00000000a4f4a000) (0MB)
efi: mem79: type=4, attr=0xf, range=[0x00000000a4f4a000-0x00000000a4f4e000) (0MB)
efi: mem80: type=3, attr=0xf, range=[0x00000000a4f4e000-0x00000000a4f4f000) (0MB)
efi: mem81: type=4, attr=0xf, range=[0x00000000a4f4f000-0x00000000a4f51000) (0MB)
efi: mem82: type=3, attr=0xf, range=[0x00000000a4f51000-0x00000000a4f5d000) (0MB)
efi: mem83: type=4, attr=0xf, range=[0x00000000a4f5d000-0x00000000a4f5e000) (0MB)
efi: mem84: type=3, attr=0xf, range=[0x00000000a4f5e000-0x00000000a51d6000) (2MB)
efi: mem85: type=4, attr=0xf, range=[0x00000000a51d6000-0x00000000a51ea000) (0MB)
efi: mem86: type=3, attr=0xf, range=[0x00000000a51ea000-0x00000000a51ee000) (0MB)
efi: mem87: type=4, attr=0xf, range=[0x00000000a51ee000-0x00000000a51f6000) (0MB)
efi: mem88: type=3, attr=0xf, range=[0x00000000a51f6000-0x00000000a522c000) (0MB)
efi: mem89: type=4, attr=0xf, range=[0x00000000a522c000-0x00000000a523d000) (0MB)
efi: mem90: type=3, attr=0xf, range=[0x00000000a523d000-0x00000000a524d000) (0MB)
efi: mem91: type=4, attr=0xf, range=[0x00000000a524d000-0x00000000a524e000) (0MB)
efi: mem92: type=3, attr=0xf, range=[0x00000000a524e000-0x00000000a5256000) (0MB)
efi: mem93: type=4, attr=0xf, range=[0x00000000a5256000-0x00000000a5257000) (0MB)
efi: mem94: type=3, attr=0xf, range=[0x00000000a5257000-0x00000000a5266000) (0MB)
efi: mem95: type=4, attr=0xf, range=[0x00000000a5266000-0x00000000a526c000) (0MB)
efi: mem96: type=3, attr=0xf, range=[0x00000000a526c000-0x00000000a526e000) (0MB)
efi: mem97: type=4, attr=0xf, range=[0x00000000a526e000-0x00000000a526f000) (0MB)
efi: mem98: type=3, attr=0xf, range=[0x00000000a526f000-0x00000000a5270000) (0MB)
efi: mem99: type=4, attr=0xf, range=[0x00000000a5270000-0x00000000a5272000) (0MB)
efi: mem100: type=3, attr=0xf, range=[0x00000000a5272000-0x00000000a5281000) (0MB)
efi: mem101: type=4, attr=0xf, range=[0x00000000a5281000-0x00000000a5287000) (0MB)
efi: mem102: type=3, attr=0xf, range=[0x00000000a5287000-0x00000000a528c000) (0MB)
efi: mem103: type=4, attr=0xf, range=[0x00000000a528c000-0x00000000a528d000) (0MB)
efi: mem104: type=3, attr=0xf, range=[0x00000000a528d000-0x00000000a5296000) (0MB)
efi: mem105: type=4, attr=0xf, range=[0x00000000a5296000-0x00000000a5298000) (0MB)
efi: mem106: type=3, attr=0xf, range=[0x00000000a5298000-0x00000000a53b3000) (1MB)
efi: mem107: type=4, attr=0xf, range=[0x00000000a53b3000-0x00000000a545c000) (0MB)
efi: mem108: type=3, attr=0xf, range=[0x00000000a545c000-0x00000000a548f000) (0MB)
efi: mem109: type=4, attr=0xf, range=[0x00000000a548f000-0x00000000a5493000) (0MB)
efi: mem110: type=3, attr=0xf, range=[0x00000000a5493000-0x00000000a549a000) (0MB)
efi: mem111: type=4, attr=0xf, range=[0x00000000a549a000-0x00000000a549c000) (0MB)
efi: mem112: type=3, attr=0xf, range=[0x00000000a549c000-0x00000000a549f000) (0MB)
efi: mem113: type=4, attr=0xf, range=[0x00000000a549f000-0x00000000a54aa000) (0MB)
efi: mem114: type=3, attr=0xf, range=[0x00000000a54aa000-0x00000000a54c2000) (0MB)
efi: mem115: type=4, attr=0xf, range=[0x00000000a54c2000-0x00000000a54c3000) (0MB)
efi: mem116: type=3, attr=0xf, range=[0x00000000a54c3000-0x00000000a54c9000) (0MB)
efi: mem117: type=4, attr=0xf, range=[0x00000000a54c9000-0x00000000a54cc000) (0MB)
efi: mem118: type=3, attr=0xf, range=[0x00000000a54cc000-0x00000000a54d0000) (0MB)
efi: mem119: type=4, attr=0xf, range=[0x00000000a54d0000-0x00000000a54d2000) (0MB)
efi: mem120: type=3, attr=0xf, range=[0x00000000a54d2000-0x00000000a54d6000) (0MB)
efi: mem121: type=4, attr=0xf, range=[0x00000000a54d6000-0x00000000a54db000) (0MB)
efi: mem122: type=3, attr=0xf, range=[0x00000000a54db000-0x00000000a54e0000) (0MB)
efi: mem123: type=4, attr=0xf, range=[0x00000000a54e0000-0x00000000a54e1000) (0MB)
efi: mem124: type=3, attr=0xf, range=[0x00000000a54e1000-0x00000000a54e5000) (0MB)
efi: mem125: type=4, attr=0xf, range=[0x00000000a54e5000-0x00000000a54e8000) (0MB)
efi: mem126: type=3, attr=0xf, range=[0x00000000a54e8000-0x00000000a54ed000) (0MB)
efi: mem127: type=4, attr=0xf, range=[0x00000000a54ed000-0x00000000a55df000) (0MB)
efi: mem128: type=3, attr=0xf, range=[0x00000000a55df000-0x00000000a55e1000) (0MB)
efi: mem129: type=4, attr=0xf, range=[0x00000000a55e1000-0x00000000a55fd000) (0MB)
efi: mem130: type=3, attr=0xf, range=[0x00000000a55fd000-0x00000000a56bc000) (0MB)
efi: mem131: type=4, attr=0xf, range=[0x00000000a56bc000-0x00000000a583b000) (1MB)
efi: mem132: type=3, attr=0xf, range=[0x00000000a583b000-0x00000000a58cc000) (0MB)
efi: mem133: type=4, attr=0xf, range=[0x00000000a58cc000-0x00000000a58cf000) (0MB)
efi: mem134: type=3, attr=0xf, range=[0x00000000a58cf000-0x00000000a58d5000) (0MB)
efi: mem135: type=4, attr=0xf, range=[0x00000000a58d5000-0x00000000a58db000) (0MB)
efi: mem136: type=3, attr=0xf, range=[0x00000000a58db000-0x00000000a58e0000) (0MB)
efi: mem137: type=4, attr=0xf, range=[0x00000000a58e0000-0x00000000a58e1000) (0MB)
efi: mem138: type=3, attr=0xf, range=[0x00000000a58e1000-0x00000000a58e6000) (0MB)
efi: mem139: type=4, attr=0xf, range=[0x00000000a58e6000-0x00000000a5913000) (0MB)
efi: mem140: type=3, attr=0xf, range=[0x00000000a5913000-0x00000000a5914000) (0MB)
efi: mem141: type=4, attr=0xf, range=[0x00000000a5914000-0x00000000a5915000) (0MB)
efi: mem142: type=3, attr=0xf, range=[0x00000000a5915000-0x00000000a5918000) (0MB)
efi: mem143: type=4, attr=0xf, range=[0x00000000a5918000-0x00000000a591a000) (0MB)
efi: mem144: type=3, attr=0xf, range=[0x00000000a591a000-0x00000000a591c000) (0MB)
efi: mem145: type=4, attr=0xf, range=[0x00000000a591c000-0x00000000a5923000) (0MB)
efi: mem146: type=3, attr=0xf, range=[0x00000000a5923000-0x00000000a5926000) (0MB)
efi: mem147: type=4, attr=0xf, range=[0x00000000a5926000-0x00000000a59fb000) (0MB)
efi: mem148: type=3, attr=0xf, range=[0x00000000a59fb000-0x00000000a59fc000) (0MB)
efi: mem149: type=4, attr=0xf, range=[0x00000000a59fc000-0x00000000a5a05000) (0MB)
efi: mem150: type=3, attr=0xf, range=[0x00000000a5a05000-0x00000000a5a07000) (0MB)
efi: mem151: type=4, attr=0xf, range=[0x00000000a5a07000-0x00000000a5a08000) (0MB)
efi: mem152: type=3, attr=0xf, range=[0x00000000a5a08000-0x00000000a5a0a000) (0MB)
efi: mem153: type=4, attr=0xf, range=[0x00000000a5a0a000-0x00000000a5a20000) (0MB)
efi: mem154: type=3, attr=0xf, range=[0x00000000a5a20000-0x00000000a5a21000) (0MB)
efi: mem155: type=4, attr=0xf, range=[0x00000000a5a21000-0x00000000a5af5000) (0MB)
efi: mem156: type=3, attr=0xf, range=[0x00000000a5af5000-0x00000000a5b08000) (0MB)
efi: mem157: type=4, attr=0xf, range=[0x00000000a5b08000-0x00000000a5b0e000) (0MB)
efi: mem158: type=3, attr=0xf, range=[0x00000000a5b0e000-0x00000000a5b0f000) (0MB)
efi: mem159: type=4, attr=0xf, range=[0x00000000a5b0f000-0x00000000a5b1d000) (0MB)
efi: mem160: type=3, attr=0xf, range=[0x00000000a5b1d000-0x00000000a5b52000) (0MB)
efi: mem161: type=4, attr=0xf, range=[0x00000000a5b52000-0x00000000a5cc8000) (1MB)
efi: mem162: type=3, attr=0xf, range=[0x00000000a5cc8000-0x00000000a5cea000) (0MB)
efi: mem163: type=4, attr=0xf, range=[0x00000000a5cea000-0x00000000a5d20000) (0MB)
efi: mem164: type=3, attr=0xf, range=[0x00000000a5d20000-0x00000000a5d21000) (0MB)
efi: mem165: type=4, attr=0xf, range=[0x00000000a5d21000-0x00000000a5d26000) (0MB)
efi: mem166: type=3, attr=0xf, range=[0x00000000a5d26000-0x00000000a5d2a000) (0MB)
efi: mem167: type=4, attr=0xf, range=[0x00000000a5d2a000-0x00000000a5d2c000) (0MB)
efi: mem168: type=3, attr=0xf, range=[0x00000000a5d2c000-0x00000000a5d31000) (0MB)
efi: mem169: type=4, attr=0xf, range=[0x00000000a5d31000-0x00000000a5d3a000) (0MB)
efi: mem170: type=3, attr=0xf, range=[0x00000000a5d3a000-0x00000000a5d3b000) (0MB)
efi: mem171: type=4, attr=0xf, range=[0x00000000a5d3b000-0x00000000a5d3c000) (0MB)
efi: mem172: type=3, attr=0xf, range=[0x00000000a5d3c000-0x00000000a5d84000) (0MB)
efi: mem173: type=4, attr=0xf, range=[0x00000000a5d84000-0x00000000a5d9e000) (0MB)
efi: mem174: type=3, attr=0xf, range=[0x00000000a5d9e000-0x00000000a5da0000) (0MB)
efi: mem175: type=4, attr=0xf, range=[0x00000000a5da0000-0x00000000a5da5000) (0MB)
efi: mem176: type=3, attr=0xf, range=[0x00000000a5da5000-0x00000000a5da6000) (0MB)
efi: mem177: type=4, attr=0xf, range=[0x00000000a5da6000-0x00000000a5da8000) (0MB)
efi: mem178: type=3, attr=0xf, range=[0x00000000a5da8000-0x00000000a5daf000) (0MB)
efi: mem179: type=4, attr=0xf, range=[0x00000000a5daf000-0x00000000a5db3000) (0MB)
efi: mem180: type=3, attr=0xf, range=[0x00000000a5db3000-0x00000000a5e4f000) (0MB)
efi: mem181: type=4, attr=0xf, range=[0x00000000a5e4f000-0x00000000a635f000) (5MB)
efi: mem182: type=3, attr=0xf, range=[0x00000000a635f000-0x00000000a6360000) (0MB)
efi: mem183: type=4, attr=0xf, range=[0x00000000a6360000-0x00000000a6362000) (0MB)
efi: mem184: type=3, attr=0xf, range=[0x00000000a6362000-0x00000000a6375000) (0MB)
efi: mem185: type=4, attr=0xf, range=[0x00000000a6375000-0x00000000a637c000) (0MB)
efi: mem186: type=3, attr=0xf, range=[0x00000000a637c000-0x00000000a6387000) (0MB)
efi: mem187: type=4, attr=0xf, range=[0x00000000a6387000-0x00000000a6389000) (0MB)
efi: mem188: type=3, attr=0xf, range=[0x00000000a6389000-0x00000000a6391000) (0MB)
efi: mem189: type=4, attr=0xf, range=[0x00000000a6391000-0x00000000a6392000) (0MB)
efi: mem190: type=3, attr=0xf, range=[0x00000000a6392000-0x00000000a6393000) (0MB)
efi: mem191: type=4, attr=0xf, range=[0x00000000a6393000-0x00000000a6394000) (0MB)
efi: mem192: type=3, attr=0xf, range=[0x00000000a6394000-0x00000000a639c000) (0MB)
efi: mem193: type=4, attr=0xf, range=[0x00000000a639c000-0x00000000a639e000) (0MB)
efi: mem194: type=3, attr=0xf, range=[0x00000000a639e000-0x00000000a639f000) (0MB)
efi: mem195: type=4, attr=0xf, range=[0x00000000a639f000-0x00000000a63a0000) (0MB)
efi: mem196: type=3, attr=0xf, range=[0x00000000a63a0000-0x00000000a63a9000) (0MB)
efi: mem197: type=4, attr=0xf, range=[0x00000000a63a9000-0x00000000a63aa000) (0MB)
efi: mem198: type=3, attr=0xf, range=[0x00000000a63aa000-0x00000000a63ab000) (0MB)
efi: mem199: type=4, attr=0xf, range=[0x00000000a63ab000-0x00000000a63ae000) (0MB)
efi: mem200: type=3, attr=0xf, range=[0x00000000a63ae000-0x00000000a63b1000) (0MB)
efi: mem201: type=4, attr=0xf, range=[0x00000000a63b1000-0x00000000a63b2000) (0MB)
efi: mem202: type=3, attr=0xf, range=[0x00000000a63b2000-0x00000000a63bc000) (0MB)
efi: mem203: type=4, attr=0xf, range=[0x00000000a63bc000-0x00000000a63bd000) (0MB)
efi: mem204: type=3, attr=0xf, range=[0x00000000a63bd000-0x00000000a63c1000) (0MB)
efi: mem205: type=4, attr=0xf, range=[0x00000000a63c1000-0x00000000a63c2000) (0MB)
efi: mem206: type=3, attr=0xf, range=[0x00000000a63c2000-0x00000000a63cb000) (0MB)
efi: mem207: type=4, attr=0xf, range=[0x00000000a63cb000-0x00000000a6417000) (0MB)
efi: mem208: type=3, attr=0xf, range=[0x00000000a6417000-0x00000000a6418000) (0MB)
efi: mem209: type=4, attr=0xf, range=[0x00000000a6418000-0x00000000a6419000) (0MB)
efi: mem210: type=3, attr=0xf, range=[0x00000000a6419000-0x00000000a641a000) (0MB)
efi: mem211: type=4, attr=0xf, range=[0x00000000a641a000-0x00000000a641c000) (0MB)
efi: mem212: type=3, attr=0xf, range=[0x00000000a641c000-0x00000000a6422000) (0MB)
efi: mem213: type=4, attr=0xf, range=[0x00000000a6422000-0x00000000a6423000) (0MB)
efi: mem214: type=3, attr=0xf, range=[0x00000000a6423000-0x00000000a6424000) (0MB)
efi: mem215: type=4, attr=0xf, range=[0x00000000a6424000-0x00000000a6425000) (0MB)
efi: mem216: type=3, attr=0xf, range=[0x00000000a6425000-0x00000000a6426000) (0MB)
efi: mem217: type=4, attr=0xf, range=[0x00000000a6426000-0x00000000a6429000) (0MB)
efi: mem218: type=3, attr=0xf, range=[0x00000000a6429000-0x00000000a6447000) (0MB)
efi: mem219: type=4, attr=0xf, range=[0x00000000a6447000-0x00000000a66d6000) (2MB)
efi: mem220: type=3, attr=0xf, range=[0x00000000a66d6000-0x00000000a66d7000) (0MB)
efi: mem221: type=4, attr=0xf, range=[0x00000000a66d7000-0x00000000a67b4000) (0MB)
efi: mem222: type=3, attr=0xf, range=[0x00000000a67b4000-0x00000000a67b5000) (0MB)
efi: mem223: type=4, attr=0xf, range=[0x00000000a67b5000-0x00000000a6800000) (0MB)
efi: mem224: type=3, attr=0xf, range=[0x00000000a6800000-0x00000000a6801000) (0MB)
efi: mem225: type=4, attr=0xf, range=[0x00000000a6801000-0x00000000a6802000) (0MB)
efi: mem226: type=3, attr=0xf, range=[0x00000000a6802000-0x00000000a6815000) (0MB)
efi: mem227: type=4, attr=0xf, range=[0x00000000a6815000-0x00000000a683f000) (0MB)
efi: mem228: type=3, attr=0xf, range=[0x00000000a683f000-0x00000000a6840000) (0MB)
efi: mem229: type=4, attr=0xf, range=[0x00000000a6840000-0x00000000a6843000) (0MB)
efi: mem230: type=3, attr=0xf, range=[0x00000000a6843000-0x00000000a6849000) (0MB)
efi: mem231: type=4, attr=0xf, range=[0x00000000a6849000-0x00000000a684a000) (0MB)
efi: mem232: type=3, attr=0xf, range=[0x00000000a684a000-0x00000000a684b000) (0MB)
efi: mem233: type=4, attr=0xf, range=[0x00000000a684b000-0x00000000a684c000) (0MB)
efi: mem234: type=3, attr=0xf, range=[0x00000000a684c000-0x00000000a684d000) (0MB)
efi: mem235: type=4, attr=0xf, range=[0x00000000a684d000-0x00000000a684e000) (0MB)
efi: mem236: type=3, attr=0xf, range=[0x00000000a684e000-0x00000000a6851000) (0MB)
efi: mem237: type=4, attr=0xf, range=[0x00000000a6851000-0x00000000a6852000) (0MB)
efi: mem238: type=3, attr=0xf, range=[0x00000000a6852000-0x00000000a6854000) (0MB)
efi: mem239: type=4, attr=0xf, range=[0x00000000a6854000-0x00000000a6855000) (0MB)
efi: mem240: type=3, attr=0xf, range=[0x00000000a6855000-0x00000000a6856000) (0MB)
efi: mem241: type=4, attr=0xf, range=[0x00000000a6856000-0x00000000a6896000) (0MB)
efi: mem242: type=3, attr=0xf, range=[0x00000000a6896000-0x00000000a6899000) (0MB)
efi: mem243: type=4, attr=0xf, range=[0x00000000a6899000-0x00000000a85b1000) (29MB)
efi: mem244: type=6, attr=0x800000000000000f, range=[0x00000000a85b1000-0x00000000a85f5000) (0MB)
efi: mem245: type=4, attr=0xf, range=[0x00000000a85f5000-0x00000000aac49000) (38MB)
efi: mem246: type=3, attr=0xf, range=[0x00000000aac49000-0x00000000aac4a000) (0MB)
efi: mem247: type=4, attr=0xf, range=[0x00000000aac4a000-0x00000000aac4d000) (0MB)
efi: mem248: type=6, attr=0x800000000000000f, range=[0x00000000aac4d000-0x00000000aad4d000) (1MB)
efi: mem249: type=5, attr=0x800000000000000f, range=[0x00000000aad4d000-0x00000000aae4d000) (1MB)
efi: mem250: type=0, attr=0xf, range=[0x00000000aae4d000-0x00000000ab697000) (8MB)
efi: mem251: type=10, attr=0xf, range=[0x00000000ab697000-0x00000000abeff000) (8MB)
efi: mem252: type=9, attr=0xf, range=[0x00000000abeff000-0x00000000abfcb000) (0MB)
efi: mem253: type=4, attr=0xf, range=[0x00000000abfcb000-0x00000000ac000000) (0MB)
efi: mem254: type=7, attr=0xf, range=[0x0000000100000000-0x0000001050000000) (62720MB)
efi: mem255: type=11, attr=0x8000000000000000, range=[0x00000000b0000000-0x00000000c0000000) (256MB)
efi: mem256: type=11, attr=0x8000000000000000, range=[0x00000000fed1c000-0x00000000fed20000) (0MB)
SMBIOS 2.8 present.
DMI: Hewlett-Packard HP Z840 Workstation/2129, BIOS M60 v02.14 02/18/2016
e820: update [mem 0x00000000-0x00000fff] usable ==> reserved
e820: remove [mem 0x000a0000-0x000fffff] usable
AGP: No AGP bridge found
e820: last_pfn = 0x1050000 max_arch_pfn = 0x400000000
MTRR default type: write-back
MTRR fixed ranges enabled:
  00000-9FFFF write-back
  A0000-BFFFF uncachable
  C0000-FFFFF write-protect
MTRR variable ranges enabled:
  0 base 0000C0000000 mask 3FFFC0000000 uncachable
  1 base 0000B0000000 mask 3FFFF0000000 uncachable
  2 base 380000000000 mask 3FFF00000000 uncachable
  3 base 0000AE000000 mask 3FFFFE000000 uncachable
  4 disabled
  5 disabled
  6 disabled
  7 disabled
  8 disabled
  9 disabled
x86 PAT enabled: cpu 0, old 0x7040600070106, new 0x7010600070106
e820: last_pfn = 0xac000 max_arch_pfn = 0x400000000
Base memory trampoline at [ffff880000097000] 97000 size 24576
Using GB pages for direct mapping
init_memory_mapping: [mem 0x00000000-0x000fffff]
 [mem 0x00000000-0x000fffff] page 4k
BRK [0x01f32000, 0x01f32fff] PGTABLE
BRK [0x01f33000, 0x01f33fff] PGTABLE
BRK [0x01f34000, 0x01f34fff] PGTABLE
init_memory_mapping: [mem 0x104fe00000-0x104fffffff]
 [mem 0x104fe00000-0x104fffffff] page 2M
BRK [0x01f35000, 0x01f35fff] PGTABLE
init_memory_mapping: [mem 0x104c000000-0x104fdfffff]
 [mem 0x104c000000-0x104fdfffff] page 2M
init_memory_mapping: [mem 0x1000000000-0x104bffffff]
 [mem 0x1000000000-0x103fffffff] page 1G
 [mem 0x1040000000-0x104bffffff] page 2M
init_memory_mapping: [mem 0x00110000-0xa85b0fff]
 [mem 0x00110000-0x001fffff] page 4k
 [mem 0x00200000-0x3fffffff] page 2M
 [mem 0x40000000-0x7fffffff] page 1G
 [mem 0x80000000-0xa83fffff] page 2M
 [mem 0xa8400000-0xa85b0fff] page 4k
init_memory_mapping: [mem 0xa85f5000-0xaac4cfff]
 [mem 0xa85f5000-0xa85fffff] page 4k
 [mem 0xa8600000-0xaabfffff] page 2M
 [mem 0xaac00000-0xaac4cfff] page 4k
BRK [0x01f36000, 0x01f36fff] PGTABLE
init_memory_mapping: [mem 0xabfcb000-0xabffffff]
 [mem 0xabfcb000-0xabffffff] page 4k
BRK [0x01f37000, 0x01f37fff] PGTABLE
init_memory_mapping: [mem 0x100000000-0xfffffffff]
 [mem 0x100000000-0xfffffffff] page 1G
RAMDISK: [mem 0x3e203000-0x3fffafff]
ACPI: RSDP 00000000abfca014 00024 (v02 HPQOEM)
ACPI: XSDT 00000000abfc90e8 000BC (v01 HPQOEM SLIC-WKS 00000000      01000013)
ACPI: FACP 00000000abfc3000 000F4 (v04 HPQOEM SLIC-WKS 00000000 INTL 20091013)
ACPI: DSDT 00000000abf91000 21B8A (v02 HPQOEM SLIC-WKS 00000003 INTL 20091013)
ACPI: FACS 00000000abbe0000 00040
ACPI: TCPA 00000000abfc8000 00064 (v02 HPQOEM EDK2     00000002 INTL 01000013)
ACPI: SSDT 00000000abfc7000 003C2 (v01 HPQOEM TcgTable 00001000 INTL 20130328)
ACPI: SSDT 00000000abfc5000 013A1 (v01 COMPAQ Plat_Wmi 00000001 INTL 20130328)
ACPI: UEFI 00000000abecf000 00042 (v01                 00000000      00000000)
ACPI: BDAT 00000000abfc4000 00030 (v01 HPQOEM SLIC-WKS 00000000 INTL 20091013)
ACPI: MSDM 00000000abfc2000 00055 (v03 HPQOEM SLIC-WKS 00000000 INTL 20091013)
ACPI: SLIC 00000000abfc1000 00176 (v01 HPQOEM SLIC-WKS 00000001 INTL 20091013)
ACPI: HPET 00000000abfc0000 00038 (v01 HPQOEM SLIC-WKS 00000001 INTL 20091013)
ACPI: APIC 00000000abfbf000 00AFC (v02 HPQOEM SLIC-WKS 00000000 INTL 20091013)
ACPI: MCFG 00000000abfbc000 0003C (v01 HPQOEM SLIC-WKS 00000001 INTL 20091013)
ACPI: MSCT 00000000abfba000 00090 (v01 HPQOEM SLIC-WKS 00000001 INTL 20091013)
ACPI: SLIT 00000000abfb7000 0006C (v01 HPQOEM SLIC-WKS 00000001 INTL 20091013)
ACPI: SRAT 00000000abfb4000 01130 (v03 HPQOEM SLIC-WKS 00000001 INTL 20091013)
ACPI: WDDT 00000000abfb3000 00040 (v01 HPQOEM SLIC-WKS 00000000 INTL 20091013)
ACPI: SSDT 00000000abf0a000 86372 (v02 HPQOEM SSDT  PM 00004000 INTL 20130328)
ACPI: DMAR 00000000abf09000 00148 (v01 HPQOEM SLIC-WKS 00000001 INTL 20091013)
ACPI: ASF! 00000000abf08000 00074 (v32 INTEL       HCG 00000001 TFSM 000F4240)
ACPI: BGRT 00000000abf07000 00038 (v01  INTEL TIANO    00000001 MSFT 01000013)
ACPI: Local APIC address 0xfee00000
SRAT: PXM 0 -> APIC 0x00 -> Node 0
SRAT: PXM 0 -> APIC 0x02 -> Node 0
SRAT: PXM 0 -> APIC 0x04 -> Node 0
SRAT: PXM 0 -> APIC 0x06 -> Node 0
SRAT: PXM 0 -> APIC 0x08 -> Node 0
SRAT: PXM 0 -> APIC 0x10 -> Node 0
SRAT: PXM 0 -> APIC 0x12 -> Node 0
SRAT: PXM 0 -> APIC 0x14 -> Node 0
SRAT: PXM 0 -> APIC 0x16 -> Node 0
SRAT: PXM 0 -> APIC 0x18 -> Node 0
SRAT: PXM 1 -> APIC 0x20 -> Node 1
SRAT: PXM 1 -> APIC 0x22 -> Node 1
SRAT: PXM 1 -> APIC 0x24 -> Node 1
SRAT: PXM 1 -> APIC 0x26 -> Node 1
SRAT: PXM 1 -> APIC 0x28 -> Node 1
SRAT: PXM 1 -> APIC 0x30 -> Node 1
SRAT: PXM 1 -> APIC 0x32 -> Node 1
SRAT: PXM 1 -> APIC 0x34 -> Node 1
SRAT: PXM 1 -> APIC 0x36 -> Node 1
SRAT: PXM 1 -> APIC 0x38 -> Node 1
SRAT: PXM 0 -> APIC 0x01 -> Node 0
SRAT: PXM 0 -> APIC 0x03 -> Node 0
SRAT: PXM 0 -> APIC 0x05 -> Node 0
SRAT: PXM 0 -> APIC 0x07 -> Node 0
SRAT: PXM 0 -> APIC 0x09 -> Node 0
SRAT: PXM 0 -> APIC 0x11 -> Node 0
SRAT: PXM 0 -> APIC 0x13 -> Node 0
SRAT: PXM 0 -> APIC 0x15 -> Node 0
SRAT: PXM 0 -> APIC 0x17 -> Node 0
SRAT: PXM 0 -> APIC 0x19 -> Node 0
SRAT: PXM 1 -> APIC 0x21 -> Node 1
SRAT: PXM 1 -> APIC 0x23 -> Node 1
SRAT: PXM 1 -> APIC 0x25 -> Node 1
SRAT: PXM 1 -> APIC 0x27 -> Node 1
SRAT: PXM 1 -> APIC 0x29 -> Node 1
SRAT: PXM 1 -> APIC 0x31 -> Node 1
SRAT: PXM 1 -> APIC 0x33 -> Node 1
SRAT: PXM 1 -> APIC 0x35 -> Node 1
SRAT: PXM 1 -> APIC 0x37 -> Node 1
SRAT: PXM 1 -> APIC 0x39 -> Node 1
SRAT: Node 0 PXM 0 [mem 0x00000000-0x84fffffff]
SRAT: Node 1 PXM 1 [mem 0x850000000-0x104fffffff]
NUMA: Initialized distance table, cnt=2
Initmem setup node 0 [mem 0x00000000-0x84fffffff]
  NODE_DATA [mem 0x84ffd9000-0x84fffffff]
Initmem setup node 1 [mem 0x850000000-0x104fffffff]
  NODE_DATA [mem 0x104ffd6000-0x104fffcfff]
Reserving 164MB of memory at 720MB for crashkernel (System RAM: 65451MB)
 [ffffea0000000000-ffffea00213fffff] PMD -> [ffff88082fe00000-ffff88084fdfffff] on node 0
 [ffffea0021400000-ffffea00413fffff] PMD -> [ffff88102f600000-ffff88104f5fffff] on node 1
Zone ranges:
  DMA      [mem 0x00001000-0x00ffffff]
  DMA32    [mem 0x01000000-0xffffffff]
  Normal   [mem 0x100000000-0x104fffffff]
Movable zone start for each node
Early memory node ranges
  node   0: [mem 0x00001000-0x0009ffff]
  node   0: [mem 0x00110000-0xa85b0fff]
  node   0: [mem 0xa85f5000-0xaac4cfff]
  node   0: [mem 0xabfcb000-0xabffffff]
  node   0: [mem 0x100000000-0x84fffffff]
  node   1: [mem 0x850000000-0x104fffffff]
On node 0 totalpages: 8367053
  DMA zone: 64 pages used for memmap
  DMA zone: 1065 pages reserved
  DMA zone: 3983 pages, LIFO batch:0
  DMA32 zone: 10865 pages used for memmap
  DMA32 zone: 695358 pages, LIFO batch:31
  Normal zone: 119808 pages used for memmap
  Normal zone: 7667712 pages, LIFO batch:31
On node 1 totalpages: 8388608
  Normal zone: 131072 pages used for memmap
  Normal zone: 8388608 pages, LIFO batch:31
tboot: non-0 tboot_addr but it is not of type E820_RESERVED
ACPI: PM-Timer IO Port: 0x408
ACPI: Local APIC address 0xfee00000
ACPI: LAPIC (acpi_id[0x00] lapic_id[0x00] enabled)
ACPI: LAPIC (acpi_id[0x02] lapic_id[0x02] enabled)
ACPI: LAPIC (acpi_id[0x04] lapic_id[0x04] enabled)
ACPI: LAPIC (acpi_id[0x06] lapic_id[0x06] enabled)
ACPI: LAPIC (acpi_id[0x08] lapic_id[0x08] enabled)
ACPI: LAPIC (acpi_id[0x10] lapic_id[0x10] enabled)
ACPI: LAPIC (acpi_id[0x12] lapic_id[0x12] enabled)
ACPI: LAPIC (acpi_id[0x14] lapic_id[0x14] enabled)
ACPI: LAPIC (acpi_id[0x16] lapic_id[0x16] enabled)
ACPI: LAPIC (acpi_id[0x18] lapic_id[0x18] enabled)
ACPI: LAPIC (acpi_id[0x20] lapic_id[0x20] enabled)
ACPI: LAPIC (acpi_id[0x22] lapic_id[0x22] enabled)
ACPI: LAPIC (acpi_id[0x24] lapic_id[0x24] enabled)
ACPI: LAPIC (acpi_id[0x26] lapic_id[0x26] enabled)
ACPI: LAPIC (acpi_id[0x28] lapic_id[0x28] enabled)
ACPI: LAPIC (acpi_id[0x30] lapic_id[0x30] enabled)
ACPI: LAPIC (acpi_id[0x32] lapic_id[0x32] enabled)
ACPI: LAPIC (acpi_id[0x34] lapic_id[0x34] enabled)
ACPI: LAPIC (acpi_id[0x36] lapic_id[0x36] enabled)
ACPI: LAPIC (acpi_id[0x38] lapic_id[0x38] enabled)
ACPI: LAPIC (acpi_id[0x01] lapic_id[0x01] enabled)
ACPI: LAPIC (acpi_id[0x03] lapic_id[0x03] enabled)
ACPI: LAPIC (acpi_id[0x05] lapic_id[0x05] enabled)
ACPI: LAPIC (acpi_id[0x07] lapic_id[0x07] enabled)
ACPI: LAPIC (acpi_id[0x09] lapic_id[0x09] enabled)
ACPI: LAPIC (acpi_id[0x11] lapic_id[0x11] enabled)
ACPI: LAPIC (acpi_id[0x13] lapic_id[0x13] enabled)
ACPI: LAPIC (acpi_id[0x15] lapic_id[0x15] enabled)
ACPI: LAPIC (acpi_id[0x17] lapic_id[0x17] enabled)
ACPI: LAPIC (acpi_id[0x19] lapic_id[0x19] enabled)
ACPI: LAPIC (acpi_id[0x21] lapic_id[0x21] enabled)
ACPI: LAPIC (acpi_id[0x23] lapic_id[0x23] enabled)
ACPI: LAPIC (acpi_id[0x25] lapic_id[0x25] enabled)
ACPI: LAPIC (acpi_id[0x27] lapic_id[0x27] enabled)
ACPI: LAPIC (acpi_id[0x29] lapic_id[0x29] enabled)
ACPI: LAPIC (acpi_id[0x31] lapic_id[0x31] enabled)
ACPI: LAPIC (acpi_id[0x33] lapic_id[0x33] enabled)
ACPI: LAPIC (acpi_id[0x35] lapic_id[0x35] enabled)
ACPI: LAPIC (acpi_id[0x37] lapic_id[0x37] enabled)
ACPI: LAPIC (acpi_id[0x39] lapic_id[0x39] enabled)
ACPI: LAPIC (acpi_id[0xff] lapic_id[0xff] disabled)
ACPI: LAPIC (acpi_id[0xff] lapic_id[0xff] disabled)
ACPI: LAPIC (acpi_id[0xff] lapic_id[0xff] disabled)
ACPI: LAPIC (acpi_id[0xff] lapic_id[0xff] disabled)
ACPI: LAPIC (acpi_id[0xff] lapic_id[0xff] disabled)
ACPI: LAPIC (acpi_id[0xff] lapic_id[0xff] disabled)
ACPI: LAPIC (acpi_id[0xff] lapic_id[0xff] disabled)
ACPI: LAPIC (acpi_id[0xff] lapic_id[0xff] disabled)
ACPI: LAPIC (acpi_id[0xff] lapic_id[0xff] disabled)
ACPI: LAPIC (acpi_id[0xff] lapic_id[0xff] disabled)
ACPI: LAPIC (acpi_id[0xff] lapic_id[0xff] disabled)
ACPI: LAPIC (acpi_id[0xff] lapic_id[0xff] disabled)
ACPI: LAPIC (acpi_id[0xff] lapic_id[0xff] disabled)
ACPI: LAPIC (acpi_id[0xff] lapic_id[0xff] disabled)
ACPI: LAPIC (acpi_id[0xff] lapic_id[0xff] disabled)
ACPI: LAPIC (acpi_id[0xff] lapic_id[0xff] disabled)
ACPI: LAPIC (acpi_id[0xff] lapic_id[0xff] disabled)
ACPI: LAPIC (acpi_id[0xff] lapic_id[0xff] disabled)
ACPI: LAPIC (acpi_id[0xff] lapic_id[0xff] disabled)
ACPI: LAPIC (acpi_id[0xff] lapic_id[0xff] disabled)
ACPI: LAPIC (acpi_id[0xff] lapic_id[0xff] disabled)
ACPI: LAPIC (acpi_id[0xff] lapic_id[0xff] disabled)
ACPI: LAPIC (acpi_id[0xff] lapic_id[0xff] disabled)
ACPI: LAPIC (acpi_id[0xff] lapic_id[0xff] disabled)
ACPI: LAPIC (acpi_id[0xff] lapic_id[0xff] disabled)
ACPI: LAPIC (acpi_id[0xff] lapic_id[0xff] disabled)
ACPI: LAPIC (acpi_id[0xff] lapic_id[0xff] disabled)
ACPI: LAPIC (acpi_id[0xff] lapic_id[0xff] disabled)
ACPI: LAPIC (acpi_id[0xff] lapic_id[0xff] disabled)
ACPI: LAPIC (acpi_id[0xff] lapic_id[0xff] disabled)
ACPI: LAPIC (acpi_id[0xff] lapic_id[0xff] disabled)
ACPI: LAPIC (acpi_id[0xff] lapic_id[0xff] disabled)
ACPI: LAPIC (acpi_id[0xff] lapic_id[0xff] disabled)
ACPI: LAPIC (acpi_id[0xff] lapic_id[0xff] disabled)
ACPI: LAPIC (acpi_id[0xff] lapic_id[0xff] disabled)
ACPI: LAPIC (acpi_id[0xff] lapic_id[0xff] disabled)
ACPI: LAPIC (acpi_id[0xff] lapic_id[0xff] disabled)
ACPI: LAPIC (acpi_id[0xff] lapic_id[0xff] disabled)
ACPI: LAPIC (acpi_id[0xff] lapic_id[0xff] disabled)
ACPI: LAPIC (acpi_id[0xff] lapic_id[0xff] disabled)
ACPI: LAPIC (acpi_id[0xff] lapic_id[0xff] disabled)
ACPI: LAPIC (acpi_id[0xff] lapic_id[0xff] disabled)
ACPI: LAPIC (acpi_id[0xff] lapic_id[0xff] disabled)
ACPI: LAPIC (acpi_id[0xff] lapic_id[0xff] disabled)
ACPI: LAPIC (acpi_id[0xff] lapic_id[0xff] disabled)
ACPI: LAPIC (acpi_id[0xff] lapic_id[0xff] disabled)
ACPI: LAPIC (acpi_id[0xff] lapic_id[0xff] disabled)
ACPI: LAPIC (acpi_id[0xff] lapic_id[0xff] disabled)
ACPI: LAPIC (acpi_id[0xff] lapic_id[0xff] disabled)
ACPI: LAPIC (acpi_id[0xff] lapic_id[0xff] disabled)
ACPI: LAPIC (acpi_id[0xff] lapic_id[0xff] disabled)
ACPI: LAPIC (acpi_id[0xff] lapic_id[0xff] disabled)
ACPI: LAPIC (acpi_id[0xff] lapic_id[0xff] disabled)
ACPI: LAPIC (acpi_id[0xff] lapic_id[0xff] disabled)
ACPI: LAPIC (acpi_id[0xff] lapic_id[0xff] disabled)
ACPI: LAPIC (acpi_id[0xff] lapic_id[0xff] disabled)
ACPI: LAPIC (acpi_id[0xff] lapic_id[0xff] disabled)
ACPI: LAPIC (acpi_id[0xff] lapic_id[0xff] disabled)
ACPI: LAPIC (acpi_id[0xff] lapic_id[0xff] disabled)
ACPI: LAPIC (acpi_id[0xff] lapic_id[0xff] disabled)
ACPI: LAPIC (acpi_id[0xff] lapic_id[0xff] disabled)
ACPI: LAPIC (acpi_id[0xff] lapic_id[0xff] disabled)
ACPI: LAPIC (acpi_id[0xff] lapic_id[0xff] disabled)
ACPI: LAPIC (acpi_id[0xff] lapic_id[0xff] disabled)
ACPI: LAPIC (acpi_id[0xff] lapic_id[0xff] disabled)
ACPI: LAPIC (acpi_id[0xff] lapic_id[0xff] disabled)
ACPI: LAPIC (acpi_id[0xff] lapic_id[0xff] disabled)
ACPI: LAPIC (acpi_id[0xff] lapic_id[0xff] disabled)
ACPI: LAPIC (acpi_id[0xff] lapic_id[0xff] disabled)
ACPI: LAPIC (acpi_id[0xff] lapic_id[0xff] disabled)
ACPI: LAPIC (acpi_id[0xff] lapic_id[0xff] disabled)
ACPI: LAPIC (acpi_id[0xff] lapic_id[0xff] disabled)
ACPI: LAPIC (acpi_id[0xff] lapic_id[0xff] disabled)
ACPI: LAPIC (acpi_id[0xff] lapic_id[0xff] disabled)
ACPI: LAPIC (acpi_id[0xff] lapic_id[0xff] disabled)
ACPI: LAPIC (acpi_id[0xff] lapic_id[0xff] disabled)
ACPI: LAPIC (acpi_id[0xff] lapic_id[0xff] disabled)
ACPI: LAPIC (acpi_id[0xff] lapic_id[0xff] disabled)
ACPI: LAPIC (acpi_id[0xff] lapic_id[0xff] disabled)
ACPI: LAPIC (acpi_id[0xff] lapic_id[0xff] disabled)
ACPI: LAPIC (acpi_id[0xff] lapic_id[0xff] disabled)
ACPI: LAPIC (acpi_id[0xff] lapic_id[0xff] disabled)
ACPI: LAPIC (acpi_id[0xff] lapic_id[0xff] disabled)
ACPI: LAPIC (acpi_id[0xff] lapic_id[0xff] disabled)
ACPI: LAPIC (acpi_id[0xff] lapic_id[0xff] disabled)
ACPI: LAPIC (acpi_id[0xff] lapic_id[0xff] disabled)
ACPI: LAPIC (acpi_id[0xff] lapic_id[0xff] disabled)
ACPI: LAPIC (acpi_id[0xff] lapic_id[0xff] disabled)
ACPI: LAPIC (acpi_id[0xff] lapic_id[0xff] disabled)
ACPI: LAPIC (acpi_id[0xff] lapic_id[0xff] disabled)
ACPI: LAPIC (acpi_id[0xff] lapic_id[0xff] disabled)
ACPI: LAPIC (acpi_id[0xff] lapic_id[0xff] disabled)
ACPI: LAPIC (acpi_id[0xff] lapic_id[0xff] disabled)
ACPI: LAPIC (acpi_id[0xff] lapic_id[0xff] disabled)
ACPI: LAPIC (acpi_id[0xff] lapic_id[0xff] disabled)
ACPI: LAPIC (acpi_id[0xff] lapic_id[0xff] disabled)
ACPI: LAPIC (acpi_id[0xff] lapic_id[0xff] disabled)
ACPI: LAPIC (acpi_id[0xff] lapic_id[0xff] disabled)
ACPI: LAPIC (acpi_id[0xff] lapic_id[0xff] disabled)
ACPI: LAPIC (acpi_id[0xff] lapic_id[0xff] disabled)
ACPI: LAPIC (acpi_id[0xff] lapic_id[0xff] disabled)
ACPI: LAPIC (acpi_id[0xff] lapic_id[0xff] disabled)
ACPI: LAPIC (acpi_id[0xff] lapic_id[0xff] disabled)
ACPI: LAPIC (acpi_id[0xff] lapic_id[0xff] disabled)
ACPI: LAPIC (acpi_id[0xff] lapic_id[0xff] disabled)
ACPI: LAPIC (acpi_id[0xff] lapic_id[0xff] disabled)
ACPI: LAPIC (acpi_id[0xff] lapic_id[0xff] disabled)
ACPI: LAPIC (acpi_id[0xff] lapic_id[0xff] disabled)
ACPI: LAPIC (acpi_id[0xff] lapic_id[0xff] disabled)
ACPI: LAPIC (acpi_id[0xff] lapic_id[0xff] disabled)
ACPI: LAPIC (acpi_id[0xff] lapic_id[0xff] disabled)
ACPI: LAPIC (acpi_id[0xff] lapic_id[0xff] disabled)
ACPI: LAPIC (acpi_id[0xff] lapic_id[0xff] disabled)
ACPI: LAPIC (acpi_id[0xff] lapic_id[0xff] disabled)
ACPI: LAPIC (acpi_id[0xff] lapic_id[0xff] disabled)
ACPI: LAPIC (acpi_id[0xff] lapic_id[0xff] disabled)
ACPI: LAPIC (acpi_id[0xff] lapic_id[0xff] disabled)
ACPI: LAPIC (acpi_id[0xff] lapic_id[0xff] disabled)
ACPI: LAPIC (acpi_id[0xff] lapic_id[0xff] disabled)
ACPI: LAPIC (acpi_id[0xff] lapic_id[0xff] disabled)
ACPI: LAPIC (acpi_id[0xff] lapic_id[0xff] disabled)
ACPI: LAPIC (acpi_id[0xff] lapic_id[0xff] disabled)
ACPI: LAPIC (acpi_id[0xff] lapic_id[0xff] disabled)
ACPI: LAPIC (acpi_id[0xff] lapic_id[0xff] disabled)
ACPI: LAPIC (acpi_id[0xff] lapic_id[0xff] disabled)
ACPI: LAPIC (acpi_id[0xff] lapic_id[0xff] disabled)
ACPI: LAPIC (acpi_id[0xff] lapic_id[0xff] disabled)
ACPI: LAPIC (acpi_id[0xff] lapic_id[0xff] disabled)
ACPI: LAPIC (acpi_id[0xff] lapic_id[0xff] disabled)
ACPI: LAPIC (acpi_id[0xff] lapic_id[0xff] disabled)
ACPI: LAPIC (acpi_id[0xff] lapic_id[0xff] disabled)
ACPI: LAPIC (acpi_id[0xff] lapic_id[0xff] disabled)
ACPI: LAPIC (acpi_id[0xff] lapic_id[0xff] disabled)
ACPI: LAPIC (acpi_id[0xff] lapic_id[0xff] disabled)
ACPI: LAPIC (acpi_id[0xff] lapic_id[0xff] disabled)
ACPI: LAPIC (acpi_id[0xff] lapic_id[0xff] disabled)
ACPI: LAPIC (acpi_id[0xff] lapic_id[0xff] disabled)
ACPI: LAPIC (acpi_id[0xff] lapic_id[0xff] disabled)
ACPI: LAPIC (acpi_id[0xff] lapic_id[0xff] disabled)
ACPI: LAPIC (acpi_id[0xff] lapic_id[0xff] disabled)
ACPI: LAPIC (acpi_id[0xff] lapic_id[0xff] disabled)
ACPI: LAPIC (acpi_id[0xff] lapic_id[0xff] disabled)
ACPI: LAPIC (acpi_id[0xff] lapic_id[0xff] disabled)
ACPI: LAPIC (acpi_id[0xff] lapic_id[0xff] disabled)
ACPI: LAPIC (acpi_id[0xff] lapic_id[0xff] disabled)
ACPI: LAPIC (acpi_id[0xff] lapic_id[0xff] disabled)
ACPI: LAPIC (acpi_id[0xff] lapic_id[0xff] disabled)
ACPI: LAPIC (acpi_id[0xff] lapic_id[0xff] disabled)
ACPI: LAPIC (acpi_id[0xff] lapic_id[0xff] disabled)
ACPI: LAPIC (acpi_id[0xff] lapic_id[0xff] disabled)
ACPI: LAPIC (acpi_id[0xff] lapic_id[0xff] disabled)
ACPI: LAPIC (acpi_id[0xff] lapic_id[0xff] disabled)
ACPI: LAPIC_NMI (acpi_id[0x00] high level lint[0x1])
ACPI: LAPIC_NMI (acpi_id[0x01] high level lint[0x1])
ACPI: LAPIC_NMI (acpi_id[0x02] high level lint[0x1])
ACPI: LAPIC_NMI (acpi_id[0x03] high level lint[0x1])
ACPI: LAPIC_NMI (acpi_id[0x04] high level lint[0x1])
ACPI: LAPIC_NMI (acpi_id[0x05] high level lint[0x1])
ACPI: LAPIC_NMI (acpi_id[0x06] high level lint[0x1])
ACPI: LAPIC_NMI (acpi_id[0x07] high level lint[0x1])
ACPI: LAPIC_NMI (acpi_id[0x08] high level lint[0x1])
ACPI: LAPIC_NMI (acpi_id[0x09] high level lint[0x1])
ACPI: LAPIC_NMI (acpi_id[0x0a] high level lint[0x1])
ACPI: LAPIC_NMI (acpi_id[0x0b] high level lint[0x1])
ACPI: LAPIC_NMI (acpi_id[0x0c] high level lint[0x1])
ACPI: LAPIC_NMI (acpi_id[0x0d] high level lint[0x1])
ACPI: LAPIC_NMI (acpi_id[0x0e] high level lint[0x1])
ACPI: LAPIC_NMI (acpi_id[0x0f] high level lint[0x1])
ACPI: LAPIC_NMI (acpi_id[0x10] high level lint[0x1])
ACPI: LAPIC_NMI (acpi_id[0x11] high level lint[0x1])
ACPI: LAPIC_NMI (acpi_id[0x12] high level lint[0x1])
ACPI: LAPIC_NMI (acpi_id[0x13] high level lint[0x1])
ACPI: LAPIC_NMI (acpi_id[0x14] high level lint[0x1])
ACPI: LAPIC_NMI (acpi_id[0x15] high level lint[0x1])
ACPI: LAPIC_NMI (acpi_id[0x16] high level lint[0x1])
ACPI: LAPIC_NMI (acpi_id[0x17] high level lint[0x1])
ACPI: LAPIC_NMI (acpi_id[0x18] high level lint[0x1])
ACPI: LAPIC_NMI (acpi_id[0x19] high level lint[0x1])
ACPI: LAPIC_NMI (acpi_id[0x1a] high level lint[0x1])
ACPI: LAPIC_NMI (acpi_id[0x1b] high level lint[0x1])
ACPI: LAPIC_NMI (acpi_id[0x1c] high level lint[0x1])
ACPI: LAPIC_NMI (acpi_id[0x1d] high level lint[0x1])
ACPI: LAPIC_NMI (acpi_id[0x1e] high level lint[0x1])
ACPI: LAPIC_NMI (acpi_id[0x1f] high level lint[0x1])
ACPI: LAPIC_NMI (acpi_id[0x20] high level lint[0x1])
ACPI: LAPIC_NMI (acpi_id[0x21] high level lint[0x1])
ACPI: LAPIC_NMI (acpi_id[0x22] high level lint[0x1])
ACPI: LAPIC_NMI (acpi_id[0x23] high level lint[0x1])
ACPI: LAPIC_NMI (acpi_id[0x24] high level lint[0x1])
ACPI: LAPIC_NMI (acpi_id[0x25] high level lint[0x1])
ACPI: LAPIC_NMI (acpi_id[0x26] high level lint[0x1])
ACPI: LAPIC_NMI (acpi_id[0x27] high level lint[0x1])
ACPI: LAPIC_NMI (acpi_id[0x28] high level lint[0x1])
ACPI: LAPIC_NMI (acpi_id[0x29] high level lint[0x1])
ACPI: LAPIC_NMI (acpi_id[0x2a] high level lint[0x1])
ACPI: LAPIC_NMI (acpi_id[0x2b] high level lint[0x1])
ACPI: LAPIC_NMI (acpi_id[0x2c] high level lint[0x1])
ACPI: LAPIC_NMI (acpi_id[0x2d] high level lint[0x1])
ACPI: LAPIC_NMI (acpi_id[0x2e] high level lint[0x1])
ACPI: LAPIC_NMI (acpi_id[0x2f] high level lint[0x1])
ACPI: LAPIC_NMI (acpi_id[0x30] high level lint[0x1])
ACPI: LAPIC_NMI (acpi_id[0x31] high level lint[0x1])
ACPI: LAPIC_NMI (acpi_id[0x32] high level lint[0x1])
ACPI: LAPIC_NMI (acpi_id[0x33] high level lint[0x1])
ACPI: LAPIC_NMI (acpi_id[0x34] high level lint[0x1])
ACPI: LAPIC_NMI (acpi_id[0x35] high level lint[0x1])
ACPI: LAPIC_NMI (acpi_id[0x36] high level lint[0x1])
ACPI: LAPIC_NMI (acpi_id[0x37] high level lint[0x1])
ACPI: LAPIC_NMI (acpi_id[0x38] high level lint[0x1])
ACPI: LAPIC_NMI (acpi_id[0x39] high level lint[0x1])
ACPI: LAPIC_NMI (acpi_id[0x3a] high level lint[0x1])
ACPI: LAPIC_NMI (acpi_id[0x3b] high level lint[0x1])
ACPI: LAPIC_NMI (acpi_id[0x3c] high level lint[0x1])
ACPI: LAPIC_NMI (acpi_id[0x3d] high level lint[0x1])
ACPI: LAPIC_NMI (acpi_id[0x3e] high level lint[0x1])
ACPI: LAPIC_NMI (acpi_id[0x3f] high level lint[0x1])
ACPI: LAPIC_NMI (acpi_id[0x40] high level lint[0x1])
ACPI: LAPIC_NMI (acpi_id[0x41] high level lint[0x1])
ACPI: LAPIC_NMI (acpi_id[0x42] high level lint[0x1])
ACPI: LAPIC_NMI (acpi_id[0x43] high level lint[0x1])
ACPI: LAPIC_NMI (acpi_id[0x44] high level lint[0x1])
ACPI: LAPIC_NMI (acpi_id[0x45] high level lint[0x1])
ACPI: LAPIC_NMI (acpi_id[0x46] high level lint[0x1])
ACPI: LAPIC_NMI (acpi_id[0x47] high level lint[0x1])
ACPI: LAPIC_NMI (acpi_id[0x48] high level lint[0x1])
ACPI: LAPIC_NMI (acpi_id[0x49] high level lint[0x1])
ACPI: LAPIC_NMI (acpi_id[0x4a] high level lint[0x1])
ACPI: LAPIC_NMI (acpi_id[0x4b] high level lint[0x1])
ACPI: LAPIC_NMI (acpi_id[0x4c] high level lint[0x1])
ACPI: LAPIC_NMI (acpi_id[0x4d] high level lint[0x1])
ACPI: LAPIC_NMI (acpi_id[0x4e] high level lint[0x1])
ACPI: LAPIC_NMI (acpi_id[0x4f] high level lint[0x1])
ACPI: LAPIC_NMI (acpi_id[0x50] high level lint[0x1])
ACPI: LAPIC_NMI (acpi_id[0x51] high level lint[0x1])
ACPI: LAPIC_NMI (acpi_id[0x52] high level lint[0x1])
ACPI: LAPIC_NMI (acpi_id[0x53] high level lint[0x1])
ACPI: LAPIC_NMI (acpi_id[0x54] high level lint[0x1])
ACPI: LAPIC_NMI (acpi_id[0x55] high level lint[0x1])
ACPI: LAPIC_NMI (acpi_id[0x56] high level lint[0x1])
ACPI: LAPIC_NMI (acpi_id[0x57] high level lint[0x1])
ACPI: LAPIC_NMI (acpi_id[0x58] high level lint[0x1])
ACPI: LAPIC_NMI (acpi_id[0x59] high level lint[0x1])
ACPI: LAPIC_NMI (acpi_id[0x5a] high level lint[0x1])
ACPI: LAPIC_NMI (acpi_id[0x5b] high level lint[0x1])
ACPI: LAPIC_NMI (acpi_id[0x5c] high level lint[0x1])
ACPI: LAPIC_NMI (acpi_id[0x5d] high level lint[0x1])
ACPI: LAPIC_NMI (acpi_id[0x5e] high level lint[0x1])
ACPI: LAPIC_NMI (acpi_id[0x5f] high level lint[0x1])
ACPI: LAPIC_NMI (acpi_id[0x60] high level lint[0x1])
ACPI: LAPIC_NMI (acpi_id[0x61] high level lint[0x1])
ACPI: LAPIC_NMI (acpi_id[0x62] high level lint[0x1])
ACPI: LAPIC_NMI (acpi_id[0x63] high level lint[0x1])
ACPI: LAPIC_NMI (acpi_id[0x64] high level lint[0x1])
ACPI: LAPIC_NMI (acpi_id[0x65] high level lint[0x1])
ACPI: LAPIC_NMI (acpi_id[0x66] high level lint[0x1])
ACPI: LAPIC_NMI (acpi_id[0x67] high level lint[0x1])
ACPI: LAPIC_NMI (acpi_id[0x68] high level lint[0x1])
ACPI: LAPIC_NMI (acpi_id[0x69] high level lint[0x1])
ACPI: LAPIC_NMI (acpi_id[0x6a] high level lint[0x1])
ACPI: LAPIC_NMI (acpi_id[0x6b] high level lint[0x1])
ACPI: LAPIC_NMI (acpi_id[0x6c] high level lint[0x1])
ACPI: LAPIC_NMI (acpi_id[0x6d] high level lint[0x1])
ACPI: LAPIC_NMI (acpi_id[0x6e] high level lint[0x1])
ACPI: LAPIC_NMI (acpi_id[0x6f] high level lint[0x1])
ACPI: LAPIC_NMI (acpi_id[0x70] high level lint[0x1])
ACPI: LAPIC_NMI (acpi_id[0x71] high level lint[0x1])
ACPI: LAPIC_NMI (acpi_id[0x72] high level lint[0x1])
ACPI: LAPIC_NMI (acpi_id[0x73] high level lint[0x1])
ACPI: LAPIC_NMI (acpi_id[0x74] high level lint[0x1])
ACPI: LAPIC_NMI (acpi_id[0x75] high level lint[0x1])
ACPI: LAPIC_NMI (acpi_id[0x76] high level lint[0x1])
ACPI: LAPIC_NMI (acpi_id[0x77] high level lint[0x1])
ACPI: LAPIC_NMI (acpi_id[0x78] high level lint[0x1])
ACPI: LAPIC_NMI (acpi_id[0x79] high level lint[0x1])
ACPI: LAPIC_NMI (acpi_id[0x7a] high level lint[0x1])
ACPI: LAPIC_NMI (acpi_id[0x7b] high level lint[0x1])
ACPI: LAPIC_NMI (acpi_id[0x7c] high level lint[0x1])
ACPI: LAPIC_NMI (acpi_id[0x7c] high level lint[0x1])
ACPI: LAPIC_NMI (acpi_id[0x7d] high level lint[0x1])
ACPI: LAPIC_NMI (acpi_id[0x7e] high level lint[0x1])
ACPI: LAPIC_NMI (acpi_id[0x7f] high level lint[0x1])
ACPI: LAPIC_NMI (acpi_id[0x80] high level lint[0x1])
ACPI: LAPIC_NMI (acpi_id[0x81] high level lint[0x1])
ACPI: LAPIC_NMI (acpi_id[0x82] high level lint[0x1])
ACPI: LAPIC_NMI (acpi_id[0x83] high level lint[0x1])
ACPI: LAPIC_NMI (acpi_id[0x84] high level lint[0x1])
ACPI: LAPIC_NMI (acpi_id[0x85] high level lint[0x1])
ACPI: LAPIC_NMI (acpi_id[0x86] high level lint[0x1])
ACPI: LAPIC_NMI (acpi_id[0x87] high level lint[0x1])
ACPI: LAPIC_NMI (acpi_id[0x88] high level lint[0x1])
ACPI: LAPIC_NMI (acpi_id[0x89] high level lint[0x1])
ACPI: LAPIC_NMI (acpi_id[0x8a] high level lint[0x1])
ACPI: LAPIC_NMI (acpi_id[0x8b] high level lint[0x1])
ACPI: LAPIC_NMI (acpi_id[0x8c] high level lint[0x1])
ACPI: LAPIC_NMI (acpi_id[0x8d] high level lint[0x1])
ACPI: LAPIC_NMI (acpi_id[0x8f] high level lint[0x1])
ACPI: LAPIC_NMI (acpi_id[0x90] high level lint[0x1])
ACPI: LAPIC_NMI (acpi_id[0x91] high level lint[0x1])
ACPI: LAPIC_NMI (acpi_id[0x92] high level lint[0x1])
ACPI: LAPIC_NMI (acpi_id[0x93] high level lint[0x1])
ACPI: LAPIC_NMI (acpi_id[0x94] high level lint[0x1])
ACPI: LAPIC_NMI (acpi_id[0x95] high level lint[0x1])
ACPI: LAPIC_NMI (acpi_id[0x96] high level lint[0x1])
ACPI: LAPIC_NMI (acpi_id[0x97] high level lint[0x1])
ACPI: LAPIC_NMI (acpi_id[0x98] high level lint[0x1])
ACPI: LAPIC_NMI (acpi_id[0x99] high level lint[0x1])
ACPI: LAPIC_NMI (acpi_id[0x9a] high level lint[0x1])
ACPI: LAPIC_NMI (acpi_id[0x9b] high level lint[0x1])
ACPI: LAPIC_NMI (acpi_id[0x9c] high level lint[0x1])
ACPI: LAPIC_NMI (acpi_id[0x9d] high level lint[0x1])
ACPI: LAPIC_NMI (acpi_id[0x9e] high level lint[0x1])
ACPI: LAPIC_NMI (acpi_id[0x9f] high level lint[0x1])
ACPI: LAPIC_NMI (acpi_id[0xa0] high level lint[0x1])
ACPI: LAPIC_NMI (acpi_id[0xa1] high level lint[0x1])
ACPI: LAPIC_NMI (acpi_id[0xa2] high level lint[0x1])
ACPI: LAPIC_NMI (acpi_id[0xa3] high level lint[0x1])
ACPI: LAPIC_NMI (acpi_id[0xa4] high level lint[0x1])
ACPI: LAPIC_NMI (acpi_id[0xa5] high level lint[0x1])
ACPI: LAPIC_NMI (acpi_id[0xa6] high level lint[0x1])
ACPI: LAPIC_NMI (acpi_id[0xa7] high level lint[0x1])
ACPI: LAPIC_NMI (acpi_id[0xa8] high level lint[0x1])
ACPI: LAPIC_NMI (acpi_id[0xa9] high level lint[0x1])
ACPI: LAPIC_NMI (acpi_id[0xaa] high level lint[0x1])
ACPI: LAPIC_NMI (acpi_id[0xab] high level lint[0x1])
ACPI: LAPIC_NMI (acpi_id[0xac] high level lint[0x1])
ACPI: LAPIC_NMI (acpi_id[0xad] high level lint[0x1])
ACPI: LAPIC_NMI (acpi_id[0xae] high level lint[0x1])
ACPI: LAPIC_NMI (acpi_id[0xaf] high level lint[0x1])
ACPI: LAPIC_NMI (acpi_id[0xb0] high level lint[0x1])
ACPI: LAPIC_NMI (acpi_id[0xb1] high level lint[0x1])
ACPI: LAPIC_NMI (acpi_id[0xb2] high level lint[0x1])
ACPI: LAPIC_NMI (acpi_id[0xb3] high level lint[0x1])
ACPI: LAPIC_NMI (acpi_id[0xb4] high level lint[0x1])
ACPI: LAPIC_NMI (acpi_id[0xb5] high level lint[0x1])
ACPI: LAPIC_NMI (acpi_id[0xb6] high level lint[0x1])
ACPI: LAPIC_NMI (acpi_id[0xb7] high level lint[0x1])
ACPI: LAPIC_NMI (acpi_id[0xb8] high level lint[0x1])
ACPI: LAPIC_NMI (acpi_id[0xb9] high level lint[0x1])
ACPI: LAPIC_NMI (acpi_id[0xba] high level lint[0x1])
ACPI: LAPIC_NMI (acpi_id[0xbb] high level lint[0x1])
ACPI: LAPIC_NMI (acpi_id[0xbc] high level lint[0x1])
ACPI: LAPIC_NMI (acpi_id[0xbd] high level lint[0x1])
ACPI: LAPIC_NMI (acpi_id[0xbe] high level lint[0x1])
ACPI: LAPIC_NMI (acpi_id[0xbf] high level lint[0x1])
ACPI: IOAPIC (id[0x08] address[0xfec00000] gsi_base[0])
IOAPIC[0]: apic_id 8, version 32, address 0xfec00000, GSI 0-23
ACPI: IOAPIC (id[0x09] address[0xfec01000] gsi_base[24])
IOAPIC[1]: apic_id 9, version 32, address 0xfec01000, GSI 24-47
ACPI: IOAPIC (id[0x0a] address[0xfec40000] gsi_base[48])
IOAPIC[2]: apic_id 10, version 32, address 0xfec40000, GSI 48-71
ACPI: INT_SRC_OVR (bus 0 bus_irq 0 global_irq 2 dfl dfl)
ACPI: INT_SRC_OVR (bus 0 bus_irq 9 global_irq 9 high level)
ACPI: IRQ0 used by override.
ACPI: IRQ9 used by override.
Using ACPI (MADT) for SMP configuration information
ACPI: HPET id: 0x8086a701 base: 0xfed00000
smpboot: Allowing 192 CPUs, 152 hotplug CPUs
PM: Registered nosave memory: [mem 0x000a0000-0x000bffff]
PM: Registered nosave memory: [mem 0x000c0000-0x0010ffff]
PM: Registered nosave memory: [mem 0xa43eb000-0xa43ebfff]
PM: Registered nosave memory: [mem 0xa440b000-0xa440bfff]
PM: Registered nosave memory: [mem 0xa4549000-0xa4549fff]
PM: Registered nosave memory: [mem 0xa4569000-0xa4569fff]
PM: Registered nosave memory: [mem 0xa456a000-0xa456afff]
PM: Registered nosave memory: [mem 0xa4576000-0xa4576fff]
PM: Registered nosave memory: [mem 0xa85b1000-0xa85f4fff]
PM: Registered nosave memory: [mem 0xaac4d000-0xab696fff]
PM: Registered nosave memory: [mem 0xab697000-0xabefefff]
PM: Registered nosave memory: [mem 0xabeff000-0xabfcafff]
PM: Registered nosave memory: [mem 0xac000000-0xafffffff]
PM: Registered nosave memory: [mem 0xb0000000-0xbfffffff]
PM: Registered nosave memory: [mem 0xc0000000-0xfed1bfff]
PM: Registered nosave memory: [mem 0xfed1c000-0xfed1ffff]
PM: Registered nosave memory: [mem 0xfed20000-0xffffffff]
e820: [mem 0xc0000000-0xfed1bfff] available for PCI devices
Booting paravirtualized kernel on bare hardware
setup_percpu: NR_CPUS:5120 nr_cpumask_bits:192 nr_cpu_ids:192 nr_node_ids:2
PERCPU: Embedded 31 pages/cpu @ffff88082f200000 s87168 r8192 d31616 u131072
pcpu-alloc: s87168 r8192 d31616 u131072 alloc=1*2097152
pcpu-alloc: [0] 000 001 002 003 004 005 006 007 008 009 020 021 022 023 024 025 
pcpu-alloc: [0] 026 027 028 029 040 042 044 046 048 050 052 054 056 058 060 062 
pcpu-alloc: [0] 064 066 068 070 072 074 076 078 080 082 084 086 088 090 092 094 
pcpu-alloc: [0] 096 098 100 102 104 106 108 110 112 114 116 118 120 122 124 126 
pcpu-alloc: [0] 128 130 132 134 136 138 140 142 144 146 148 150 152 154 156 158 
pcpu-alloc: [0] 160 162 164 166 168 170 172 174 176 178 180 182 184 186 188 190 
pcpu-alloc: [1] 010 011 012 013 014 015 016 017 018 019 030 031 032 033 034 035 
pcpu-alloc: [1] 036 037 038 039 041 043 045 047 049 051 053 055 057 059 061 063 
pcpu-alloc: [1] 065 067 069 071 073 075 077 079 081 083 085 087 089 091 093 095 
pcpu-alloc: [1] 097 099 101 103 105 107 109 111 113 115 117 119 121 123 125 127 
pcpu-alloc: [1] 129 131 133 135 137 139 141 143 145 147 149 151 153 155 157 159 
pcpu-alloc: [1] 161 163 165 167 169 171 173 175 177 179 181 183 185 187 189 191 
Built 2 zonelists in Zone order, mobility grouping on.  Total pages: 16492787
Policy zone: Normal
Kernel command line: BOOT_IMAGE=/vmlinuz-3.10.0-327.el7.x86_64 root=/dev/mapper/hdd-root ro crashkernel=auto rd.lvm.lv=hdd/root rd.md.uuid=64111190:07dc7c8a:2b375954:d5ae9c3d rd.lvm.lv=hdd/swap rhgb quiet LANG=en_US.UTF-8
PID hash table entries: 4096 (order: 3, 32768 bytes)
x86/fpu: xstate_offset[2]: 0240, xstate_sizes[2]: 0100
xsave: enabled xstate_bv 0x7, cntxt size 0x340
AGP: Checking aperture...
AGP: No AGP bridge found
Memory: 65550276k/68419584k available (6440k kernel code, 1396940k absent, 1472368k reserved, 4266k data, 1620k init)
SLUB: HWalign=64, Order=0-3, MinObjects=0, CPUs=192, Nodes=2
Hierarchical RCU implementation.
	RCU restricting CPUs from NR_CPUS=5120 to nr_cpu_ids=192.
	Offload RCU callbacks from all CPUs
	Offload RCU callbacks from CPUs: 0-191.
NR_IRQS:327936 nr_irqs:2776 0
Console: colour dummy device 80x25
console [tty0] enabled
allocated 268435456 bytes of page_cgroup
please try 'cgroup_disable=memory' option if you don't want memory cgroups
Enabling automatic NUMA balancing. Configure with numa_balancing= or the kernel.numa_balancing sysctl
hpet clockevent registered
tsc: Fast TSC calibration using PIT
tsc: Detected 2294.800 MHz processor
Calibrating delay loop (skipped), value calculated using timer frequency.. 4589.60 BogoMIPS (lpj=2294800)
pid_max: default: 196608 minimum: 1536
Security Framework initialized
SELinux:  Initializing.
SELinux:  Starting in permissive mode
Dentry cache hash table entries: 8388608 (order: 14, 67108864 bytes)
Inode-cache hash table entries: 4194304 (order: 13, 33554432 bytes)
Mount-cache hash table entries: 4096
Initializing cgroup subsys memory
Initializing cgroup subsys devices
Initializing cgroup subsys freezer
Initializing cgroup subsys net_cls
Initializing cgroup subsys blkio
Initializing cgroup subsys perf_event
Initializing cgroup subsys hugetlb
CPU: Physical Processor ID: 0
CPU: Processor Core ID: 0
ENERGY_PERF_BIAS: Set to 'normal', was 'performance'
ENERGY_PERF_BIAS: View and update with x86_energy_perf_policy(8)
mce: CPU supports 22 MCE banks
CPU0: Thermal monitoring enabled (TM1)
Last level iTLB entries: 4KB 0, 2MB 0, 4MB 0
Last level dTLB entries: 4KB 64, 2MB 0, 4MB 0
tlb_flushall_shift: 6
Freeing SMP alternatives: 28k freed
ACPI: Core revision 20130517
ACPI: All ACPI Tables successfully acquired
ftrace: allocating 24585 entries in 97 pages
dmar: Host address width 46
dmar: DRHD base: 0x000000fbffc000 flags: 0x0
dmar: IOMMU 0: reg_base_addr fbffc000 ver 1:0 cap d2078c106f0466 ecap f020df
dmar: DRHD base: 0x000000d7ffd000 flags: 0x0
dmar: IOMMU 1: reg_base_addr d7ffd000 ver 1:0 cap d2008c10ef0466 ecap f0205b
dmar: DRHD base: 0x000000d7ffc000 flags: 0x1
dmar: IOMMU 2: reg_base_addr d7ffc000 ver 1:0 cap d2078c106f0466 ecap f020df
dmar: RMRR base: 0x000000aaffa000 end: 0x000000aaffcfff
dmar: ATSR flags: 0x0
dmar: ATSR flags: 0x0
IOAPIC id 10 under DRHD base  0xfbffc000 IOMMU 0
IOAPIC id 8 under DRHD base  0xd7ffc000 IOMMU 2
IOAPIC id 9 under DRHD base  0xd7ffc000 IOMMU 2
HPET id 0 under DRHD base 0xd7ffc000
Queued invalidation will be enabled to support x2apic and Intr-remapping.
Enabled IRQ remapping in x2apic mode
Enabling x2apic
Enabled x2apic
Switched APIC routing to cluster x2apic.
..TIMER: vector=0x30 apic1=0 pin1=2 apic2=-1 pin2=-1
smpboot: CPU0: Intel(R) Xeon(R) CPU E5-2650 v3 @ 2.30GHz (fam: 06, model: 3f, stepping: 02)
TSC deadline timer enabled
Performance Events: PEBS fmt2+, 16-deep LBR, Haswell events, full-width counters, Intel PMU driver.
... version:                3
... bit width:              48
... generic registers:      4
... value mask:             0000ffffffffffff
... max period:             0000ffffffffffff
... fixed-purpose events:   3
... event mask:             000000070000000f
NMI watchdog: enabled on all CPUs, permanently consumes one hw-PMU counter.
smpboot: Booting Node   0, Processors  #1 #2 #3 #4 #5 #6 #7 #8 #9 OK
smpboot: Booting Node   1, Processors  #10 #11 #12 #13 #14 #15 #16 #17 #18 #19 OK
smpboot: Booting Node   0, Processors  #20 #21 #22 #23 #24 #25 #26 #27 #28 #29 OK
smpboot: Booting Node   1, Processors  #30 #31 #32 #33 #34 #35 #36 #37 #38 #39
Brought up 40 CPUs
smpboot: Total of 40 processors activated (183735.28 BogoMIPS)
devtmpfs: initialized
EVM: security.selinux
EVM: security.ima
EVM: security.capability
PM: Registering ACPI NVS region [mem 0xab697000-0xabefefff] (8814592 bytes)
atomic64 test passed for x86-64 platform with CX8 and with SSE
NET: Registered protocol family 16
ACPI FADT declares the system doesn't support PCIe ASPM, so disable it
ACPI: bus type PCI registered
acpiphp: ACPI Hot Plug PCI Controller Driver version: 0.5
PCI: MMCONFIG for domain 0000 [bus 00-ff] at [mem 0xb0000000-0xbfffffff] (base 0xb0000000)
PCI: MMCONFIG at [mem 0xb0000000-0xbfffffff] reserved in E820
PCI: Using configuration type 1 for base access
ACPI: Added _OSI(Module Device)
ACPI: Added _OSI(Processor Device)
ACPI: Added _OSI(3.0 _SCP Extensions)
ACPI: Added _OSI(Processor Aggregator Device)
ACPI: EC: Look up EC in DSDT
[Firmware Bug]: ACPI: BIOS _OSI(Linux) query ignored
ACPI: Interpreter enabled
ACPI Exception: AE_NOT_FOUND, While evaluating Sleep State [\_S1_] (20130517/hwxface-571)
ACPI Exception: AE_NOT_FOUND, While evaluating Sleep State [\_S2_] (20130517/hwxface-571)
ACPI: (supports S0 S3 S4 S5)
ACPI: Using IOAPIC for interrupt routing
PCI: Using host bridge windows from ACPI; if necessary, use "pci=nocrs" and report a bug
ACPI: PCI Root Bridge [UNC1] (domain 0000 [bus ff])
acpi PNP0A03:02: _OSC: OS supports [ExtendedConfig ASPM ClockPM Segments MSI]
acpi PNP0A03:02: _OSC failed (AE_NOT_FOUND); disabling ASPM
PCI host bridge to bus 0000:ff
pci_bus 0000:ff: root bus resource [bus ff]
pci 0000:ff:08.0: [8086:2f80] type 00 class 0x088000
pci 0000:ff:08.2: [8086:2f32] type 00 class 0x110100
pci 0000:ff:08.3: [8086:2f83] type 00 class 0x088000
pci 0000:ff:09.0: [8086:2f90] type 00 class 0x088000
pci 0000:ff:09.2: [8086:2f33] type 00 class 0x110100
pci 0000:ff:09.3: [8086:2f93] type 00 class 0x088000
pci 0000:ff:0b.0: [8086:2f81] type 00 class 0x088000
pci 0000:ff:0b.1: [8086:2f36] type 00 class 0x110100
pci 0000:ff:0b.2: [8086:2f37] type 00 class 0x110100
pci 0000:ff:0c.0: [8086:2fe0] type 00 class 0x088000
pci 0000:ff:0c.1: [8086:2fe1] type 00 class 0x088000
pci 0000:ff:0c.2: [8086:2fe2] type 00 class 0x088000
pci 0000:ff:0c.3: [8086:2fe3] type 00 class 0x088000
pci 0000:ff:0c.4: [8086:2fe4] type 00 class 0x088000
pci 0000:ff:0c.5: [8086:2fe5] type 00 class 0x088000
pci 0000:ff:0c.6: [8086:2fe6] type 00 class 0x088000
pci 0000:ff:0c.7: [8086:2fe7] type 00 class 0x088000
pci 0000:ff:0d.0: [8086:2fe8] type 00 class 0x088000
pci 0000:ff:0d.1: [8086:2fe9] type 00 class 0x088000
pci 0000:ff:0f.0: [8086:2ff8] type 00 class 0x088000
pci 0000:ff:0f.1: [8086:2ff9] type 00 class 0x088000
pci 0000:ff:0f.2: [8086:2ffa] type 00 class 0x088000
pci 0000:ff:0f.3: [8086:2ffb] type 00 class 0x088000
pci 0000:ff:0f.4: [8086:2ffc] type 00 class 0x088000
pci 0000:ff:0f.5: [8086:2ffd] type 00 class 0x088000
pci 0000:ff:0f.6: [8086:2ffe] type 00 class 0x088000
pci 0000:ff:10.0: [8086:2f1d] type 00 class 0x088000
pci 0000:ff:10.1: [8086:2f34] type 00 class 0x110100
pci 0000:ff:10.5: [8086:2f1e] type 00 class 0x088000
pci 0000:ff:10.6: [8086:2f7d] type 00 class 0x110100
pci 0000:ff:10.7: [8086:2f1f] type 00 class 0x088000
pci 0000:ff:12.0: [8086:2fa0] type 00 class 0x088000
pci 0000:ff:12.1: [8086:2f30] type 00 class 0x110100
pci 0000:ff:12.4: [8086:2f60] type 00 class 0x088000
pci 0000:ff:12.5: [8086:2f38] type 00 class 0x110100
pci 0000:ff:13.0: [8086:2fa8] type 00 class 0x088000
pci 0000:ff:13.1: [8086:2f71] type 00 class 0x088000
pci 0000:ff:13.2: [8086:2faa] type 00 class 0x088000
pci 0000:ff:13.3: [8086:2fab] type 00 class 0x088000
pci 0000:ff:13.6: [8086:2fae] type 00 class 0x088000
pci 0000:ff:13.7: [8086:2faf] type 00 class 0x088000
pci 0000:ff:14.0: [8086:2fb0] type 00 class 0x088000
pci 0000:ff:14.1: [8086:2fb1] type 00 class 0x088000
pci 0000:ff:14.2: [8086:2fb2] type 00 class 0x088000
pci 0000:ff:14.3: [8086:2fb3] type 00 class 0x088000
pci 0000:ff:14.4: [8086:2fbc] type 00 class 0x088000
pci 0000:ff:14.5: [8086:2fbd] type 00 class 0x088000
pci 0000:ff:14.6: [8086:2fbe] type 00 class 0x088000
pci 0000:ff:14.7: [8086:2fbf] type 00 class 0x088000
pci 0000:ff:16.0: [8086:2f68] type 00 class 0x088000
pci 0000:ff:16.1: [8086:2f79] type 00 class 0x088000
pci 0000:ff:16.2: [8086:2f6a] type 00 class 0x088000
pci 0000:ff:16.3: [8086:2f6b] type 00 class 0x088000
pci 0000:ff:16.6: [8086:2f6e] type 00 class 0x088000
pci 0000:ff:16.7: [8086:2f6f] type 00 class 0x088000
pci 0000:ff:17.0: [8086:2fd0] type 00 class 0x088000
pci 0000:ff:17.1: [8086:2fd1] type 00 class 0x088000
pci 0000:ff:17.2: [8086:2fd2] type 00 class 0x088000
pci 0000:ff:17.3: [8086:2fd3] type 00 class 0x088000
pci 0000:ff:17.4: [8086:2fb8] type 00 class 0x088000
pci 0000:ff:17.5: [8086:2fb9] type 00 class 0x088000
pci 0000:ff:17.6: [8086:2fba] type 00 class 0x088000
pci 0000:ff:17.7: [8086:2fbb] type 00 class 0x088000
pci 0000:ff:1e.0: [8086:2f98] type 00 class 0x088000
pci 0000:ff:1e.1: [8086:2f99] type 00 class 0x088000
pci 0000:ff:1e.2: [8086:2f9a] type 00 class 0x088000
pci 0000:ff:1e.3: [8086:2fc0] type 00 class 0x088000
pci 0000:ff:1e.3: [Firmware Bug]: reg 0x10: invalid BAR (can't size)
pci 0000:ff:1e.4: [8086:2f9c] type 00 class 0x088000
pci 0000:ff:1f.0: [8086:2f88] type 00 class 0x088000
pci 0000:ff:1f.2: [8086:2f8a] type 00 class 0x088000
ACPI: PCI Root Bridge [UNC0] (domain 0000 [bus 7f])
acpi PNP0A03:03: _OSC: OS supports [ExtendedConfig ASPM ClockPM Segments MSI]
acpi PNP0A03:03: _OSC failed (AE_NOT_FOUND); disabling ASPM
PCI host bridge to bus 0000:7f
pci_bus 0000:7f: root bus resource [bus 7f]
pci 0000:7f:08.0: [8086:2f80] type 00 class 0x088000
pci 0000:7f:08.2: [8086:2f32] type 00 class 0x110100
pci 0000:7f:08.3: [8086:2f83] type 00 class 0x088000
pci 0000:7f:09.0: [8086:2f90] type 00 class 0x088000
pci 0000:7f:09.2: [8086:2f33] type 00 class 0x110100
pci 0000:7f:09.3: [8086:2f93] type 00 class 0x088000
pci 0000:7f:0b.0: [8086:2f81] type 00 class 0x088000
pci 0000:7f:0b.1: [8086:2f36] type 00 class 0x110100
pci 0000:7f:0b.2: [8086:2f37] type 00 class 0x110100
pci 0000:7f:0c.0: [8086:2fe0] type 00 class 0x088000
pci 0000:7f:0c.1: [8086:2fe1] type 00 class 0x088000
pci 0000:7f:0c.2: [8086:2fe2] type 00 class 0x088000
pci 0000:7f:0c.3: [8086:2fe3] type 00 class 0x088000
pci 0000:7f:0c.4: [8086:2fe4] type 00 class 0x088000
pci 0000:7f:0c.5: [8086:2fe5] type 00 class 0x088000
pci 0000:7f:0c.6: [8086:2fe6] type 00 class 0x088000
pci 0000:7f:0c.7: [8086:2fe7] type 00 class 0x088000
pci 0000:7f:0d.0: [8086:2fe8] type 00 class 0x088000
pci 0000:7f:0d.1: [8086:2fe9] type 00 class 0x088000
pci 0000:7f:0f.0: [8086:2ff8] type 00 class 0x088000
pci 0000:7f:0f.1: [8086:2ff9] type 00 class 0x088000
pci 0000:7f:0f.2: [8086:2ffa] type 00 class 0x088000
pci 0000:7f:0f.3: [8086:2ffb] type 00 class 0x088000
pci 0000:7f:0f.4: [8086:2ffc] type 00 class 0x088000
pci 0000:7f:0f.5: [8086:2ffd] type 00 class 0x088000
pci 0000:7f:0f.6: [8086:2ffe] type 00 class 0x088000
pci 0000:7f:10.0: [8086:2f1d] type 00 class 0x088000
pci 0000:7f:10.1: [8086:2f34] type 00 class 0x110100
pci 0000:7f:10.5: [8086:2f1e] type 00 class 0x088000
pci 0000:7f:10.6: [8086:2f7d] type 00 class 0x110100
pci 0000:7f:10.7: [8086:2f1f] type 00 class 0x088000
pci 0000:7f:12.0: [8086:2fa0] type 00 class 0x088000
pci 0000:7f:12.1: [8086:2f30] type 00 class 0x110100
pci 0000:7f:12.4: [8086:2f60] type 00 class 0x088000
pci 0000:7f:12.5: [8086:2f38] type 00 class 0x110100
pci 0000:7f:13.0: [8086:2fa8] type 00 class 0x088000
pci 0000:7f:13.1: [8086:2f71] type 00 class 0x088000
pci 0000:7f:13.2: [8086:2faa] type 00 class 0x088000
pci 0000:7f:13.3: [8086:2fab] type 00 class 0x088000
pci 0000:7f:13.6: [8086:2fae] type 00 class 0x088000
pci 0000:7f:13.7: [8086:2faf] type 00 class 0x088000
pci 0000:7f:14.0: [8086:2fb0] type 00 class 0x088000
pci 0000:7f:14.1: [8086:2fb1] type 00 class 0x088000
pci 0000:7f:14.2: [8086:2fb2] type 00 class 0x088000
pci 0000:7f:14.3: [8086:2fb3] type 00 class 0x088000
pci 0000:7f:14.4: [8086:2fbc] type 00 class 0x088000
pci 0000:7f:14.5: [8086:2fbd] type 00 class 0x088000
pci 0000:7f:14.6: [8086:2fbe] type 00 class 0x088000
pci 0000:7f:14.7: [8086:2fbf] type 00 class 0x088000
pci 0000:7f:16.0: [8086:2f68] type 00 class 0x088000
pci 0000:7f:16.1: [8086:2f79] type 00 class 0x088000
pci 0000:7f:16.2: [8086:2f6a] type 00 class 0x088000
pci 0000:7f:16.3: [8086:2f6b] type 00 class 0x088000
pci 0000:7f:16.6: [8086:2f6e] type 00 class 0x088000
pci 0000:7f:16.7: [8086:2f6f] type 00 class 0x088000
pci 0000:7f:17.0: [8086:2fd0] type 00 class 0x088000
pci 0000:7f:17.1: [8086:2fd1] type 00 class 0x088000
pci 0000:7f:17.2: [8086:2fd2] type 00 class 0x088000
pci 0000:7f:17.3: [8086:2fd3] type 00 class 0x088000
pci 0000:7f:17.4: [8086:2fb8] type 00 class 0x088000
pci 0000:7f:17.5: [8086:2fb9] type 00 class 0x088000
pci 0000:7f:17.6: [8086:2fba] type 00 class 0x088000
pci 0000:7f:17.7: [8086:2fbb] type 00 class 0x088000
pci 0000:7f:1e.0: [8086:2f98] type 00 class 0x088000
pci 0000:7f:1e.1: [8086:2f99] type 00 class 0x088000
pci 0000:7f:1e.2: [8086:2f9a] type 00 class 0x088000
pci 0000:7f:1e.3: [8086:2fc0] type 00 class 0x088000
pci 0000:7f:1e.3: [Firmware Bug]: reg 0x10: invalid BAR (can't size)
pci 0000:7f:1e.4: [8086:2f9c] type 00 class 0x088000
pci 0000:7f:1f.0: [8086:2f88] type 00 class 0x088000
pci 0000:7f:1f.2: [8086:2f8a] type 00 class 0x088000
ACPI: PCI Root Bridge [PCI0] (domain 0000 [bus 00-7e])
acpi PNP0A08:00: _OSC: OS supports [ExtendedConfig ASPM ClockPM Segments MSI]
acpi PNP0A08:00: _OSC: platform does not support [PCIeHotplug PME]
acpi PNP0A08:00: _OSC: OS now controls [AER PCIeCapability]
PCI host bridge to bus 0000:00
pci_bus 0000:00: root bus resource [bus 00-7e]
pci_bus 0000:00: root bus resource [io  0x0000-0x0cf7]
pci_bus 0000:00: root bus resource [io  0x1000-0xdfff]
pci_bus 0000:00: root bus resource [mem 0x000a0000-0x000bffff]
pci_bus 0000:00: root bus resource [mem 0xc0000000-0xd7ffbfff]
pci 0000:00:00.0: [8086:2f00] type 00 class 0x060000
pci 0000:00:01.0: [8086:2f02] type 01 class 0x060400
pci 0000:00:01.0: PME# supported from D0 D3hot D3cold
pci 0000:00:01.0: System wakeup disabled by ACPI
pci 0000:00:01.1: [8086:2f03] type 01 class 0x060400
pci 0000:00:01.1: PME# supported from D0 D3hot D3cold
pci 0000:00:01.1: System wakeup disabled by ACPI
pci 0000:00:02.0: [8086:2f04] type 01 class 0x060400
pci 0000:00:02.0: PME# supported from D0 D3hot D3cold
pci 0000:00:02.0: System wakeup disabled by ACPI
pci 0000:00:03.0: [8086:2f08] type 01 class 0x060400
pci 0000:00:03.0: PME# supported from D0 D3hot D3cold
pci 0000:00:03.0: System wakeup disabled by ACPI
pci 0000:00:05.0: [8086:2f28] type 00 class 0x088000
pci 0000:00:05.1: [8086:2f29] type 00 class 0x088000
pci 0000:00:05.2: [8086:2f2a] type 00 class 0x088000
pci 0000:00:05.4: [8086:2f2c] type 00 class 0x080020
pci 0000:00:05.4: reg 0x10: [mem 0xd343e000-0xd343efff]
pci 0000:00:11.0: [8086:8d7c] type 00 class 0xff0000
pci 0000:00:11.4: [8086:8d62] type 00 class 0x010601
pci 0000:00:11.4: reg 0x10: [io  0x40a0-0x40a7]
pci 0000:00:11.4: reg 0x14: [io  0x40b4-0x40b7]
pci 0000:00:11.4: reg 0x18: [io  0x4098-0x409f]
pci 0000:00:11.4: reg 0x1c: [io  0x40b0-0x40b3]
pci 0000:00:11.4: reg 0x20: [io  0x4060-0x407f]
pci 0000:00:11.4: reg 0x24: [mem 0xd343d000-0xd343d7ff]
pci 0000:00:11.4: PME# supported from D3hot
pci 0000:00:14.0: [8086:8d31] type 00 class 0x0c0330
pci 0000:00:14.0: reg 0x10: [mem 0xd3420000-0xd342ffff 64bit]
pci 0000:00:14.0: PME# supported from D3hot D3cold
pci 0000:00:14.0: System wakeup disabled by ACPI
pci 0000:00:16.0: [8086:8d3a] type 00 class 0x078000
pci 0000:00:16.0: reg 0x10: [mem 0xd3435000-0xd343500f 64bit]
pci 0000:00:16.0: PME# supported from D0 D3hot D3cold
pci 0000:00:16.3: [8086:8d3d] type 00 class 0x070002
pci 0000:00:16.3: reg 0x10: [io  0x4090-0x4097]
pci 0000:00:16.3: reg 0x14: [mem 0xd343c000-0xd343cfff]
pci 0000:00:19.0: [8086:15a0] type 00 class 0x020000
pci 0000:00:19.0: reg 0x10: [mem 0xd3400000-0xd341ffff]
pci 0000:00:19.0: reg 0x14: [mem 0xd343b000-0xd343bfff]
pci 0000:00:19.0: reg 0x18: [io  0x4040-0x405f]
pci 0000:00:19.0: PME# supported from D0 D3hot D3cold
pci 0000:00:19.0: System wakeup disabled by ACPI
pci 0000:00:1a.0: [8086:8d2d] type 00 class 0x0c0320
pci 0000:00:1a.0: reg 0x10: [mem 0xd343a000-0xd343a3ff]
pci 0000:00:1a.0: PME# supported from D0 D3hot D3cold
pci 0000:00:1a.0: System wakeup disabled by ACPI
pci 0000:00:1b.0: [8086:8d20] type 00 class 0x040300
pci 0000:00:1b.0: reg 0x10: [mem 0xd3430000-0xd3433fff 64bit]
pci 0000:00:1b.0: PME# supported from D0 D3hot D3cold
pci 0000:00:1c.0: [8086:8d10] type 01 class 0x060400
pci 0000:00:1c.0: PME# supported from D0 D3hot D3cold
pci 0000:00:1c.0: System wakeup disabled by ACPI
pci 0000:00:1c.3: [8086:8d16] type 01 class 0x060400
pci 0000:00:1c.3: PME# supported from D0 D3hot D3cold
pci 0000:00:1c.3: System wakeup disabled by ACPI
pci 0000:00:1c.4: [8086:8d18] type 01 class 0x060400
pci 0000:00:1c.4: PME# supported from D0 D3hot D3cold
pci 0000:00:1c.4: System wakeup disabled by ACPI
pci 0000:00:1d.0: [8086:8d26] type 00 class 0x0c0320
pci 0000:00:1d.0: reg 0x10: [mem 0xd3439000-0xd34393ff]
pci 0000:00:1d.0: PME# supported from D0 D3hot D3cold
pci 0000:00:1d.0: System wakeup disabled by ACPI
pci 0000:00:1f.0: [8086:8d44] type 00 class 0x060100
pci 0000:00:1f.2: [8086:8d02] type 00 class 0x010601
pci 0000:00:1f.2: reg 0x10: [io  0x4088-0x408f]
pci 0000:00:1f.2: reg 0x14: [io  0x40ac-0x40af]
pci 0000:00:1f.2: reg 0x18: [io  0x4080-0x4087]
pci 0000:00:1f.2: reg 0x1c: [io  0x40a8-0x40ab]
pci 0000:00:1f.2: reg 0x20: [io  0x4020-0x403f]
pci 0000:00:1f.2: reg 0x24: [mem 0xd3438000-0xd34387ff]
pci 0000:00:1f.2: PME# supported from D3hot
pci 0000:00:1f.3: [8086:8d22] type 00 class 0x0c0500
pci 0000:00:1f.3: reg 0x10: [mem 0xd3434000-0xd34340ff 64bit]
pci 0000:00:1f.3: reg 0x20: [io  0x4000-0x401f]
pci 0000:01:00.0: [1000:0086] type 00 class 0x010700
pci 0000:01:00.0: reg 0x10: [io  0x3000-0x30ff]
pci 0000:01:00.0: reg 0x14: [mem 0xd3340000-0xd334ffff 64bit]
pci 0000:01:00.0: reg 0x1c: [mem 0xd3300000-0xd333ffff 64bit]
pci 0000:01:00.0: reg 0x30: [mem 0xfff00000-0xffffffff pref]
pci 0000:01:00.0: supports D1 D2
pci 0000:00:01.0: PCI bridge to [bus 01]
pci 0000:00:01.0:   bridge window [io  0x3000-0x3fff]
pci 0000:00:01.0:   bridge window [mem 0xd3300000-0xd33fffff]
pci 0000:02:00.0: [144d:a801] type 00 class 0x010601
pci 0000:02:00.0: reg 0x24: [mem 0xd3200000-0xd3201fff]
pci 0000:00:01.1: PCI bridge to [bus 02]
pci 0000:00:01.1:   bridge window [mem 0xd3200000-0xd32fffff]
pci 0000:00:02.0: PCI bridge to [bus 03]
pci 0000:04:00.0: [10de:0ff3] type 00 class 0x030000
pci 0000:04:00.0: reg 0x10: [mem 0xd2000000-0xd2ffffff]
pci 0000:04:00.0: reg 0x14: [mem 0xc0000000-0xcfffffff 64bit pref]
pci 0000:04:00.0: reg 0x1c: [mem 0xd0000000-0xd1ffffff 64bit pref]
pci 0000:04:00.0: reg 0x24: [io  0x2000-0x207f]
pci 0000:04:00.0: reg 0x30: [mem 0xfff80000-0xffffffff pref]
pci 0000:04:00.1: [10de:0e1b] type 00 class 0x040300
pci 0000:04:00.1: reg 0x10: [mem 0xd3000000-0xd3003fff]
pci 0000:00:03.0: PCI bridge to [bus 04]
pci 0000:00:03.0:   bridge window [io  0x2000-0x2fff]
pci 0000:00:03.0:   bridge window [mem 0xd2000000-0xd30fffff]
pci 0000:00:03.0:   bridge window [mem 0xc0000000-0xd1ffffff 64bit pref]
pci 0000:05:00.0: [8086:1533] type 00 class 0x020000
pci 0000:05:00.0: reg 0x10: [mem 0xd3100000-0xd317ffff]
pci 0000:05:00.0: reg 0x18: [io  0x1000-0x101f]
pci 0000:05:00.0: reg 0x1c: [mem 0xd3180000-0xd3183fff]
pci 0000:05:00.0: PME# supported from D0 D3hot D3cold
pci 0000:00:1c.0: PCI bridge to [bus 05]
pci 0000:00:1c.0:   bridge window [io  0x1000-0x1fff]
pci 0000:00:1c.0:   bridge window [mem 0xd3100000-0xd31fffff]
pci 0000:00:1c.3: PCI bridge to [bus 06]
pci 0000:00:1c.4: PCI bridge to [bus 07]
pci_bus 0000:00: on NUMA node 0
acpi PNP0A08:00: Disabling ASPM (FADT indicates it is unsupported)
ACPI: PCI Interrupt Link [LNKA] (IRQs 3 4 5 6 7 9 10 *11 12 14 15)
ACPI: PCI Interrupt Link [LNKB] (IRQs 3 4 5 6 7 9 *10 11 12 14 15)
ACPI: PCI Interrupt Link [LNKC] (IRQs 3 4 5 6 7 9 10 *11 12 14 15)
ACPI: PCI Interrupt Link [LNKD] (IRQs 3 4 5 6 7 9 10 *11 12 14 15)
ACPI: PCI Interrupt Link [LNKE] (IRQs 3 4 5 6 7 *9 10 11 12 14 15)
ACPI: PCI Interrupt Link [LNKF] (IRQs 3 4 5 6 7 9 10 11 12 14 15) *0, disabled.
ACPI: PCI Interrupt Link [LNKG] (IRQs 3 4 *5 6 7 9 10 11 12 14 15)
ACPI: PCI Interrupt Link [LNKH] (IRQs 3 4 5 6 7 9 10 11 12 14 15) *0, disabled.
ACPI: PCI Root Bridge [PCI1] (domain 0000 [bus 80-fe])
acpi PNP0A08:01: _OSC: OS supports [ExtendedConfig ASPM ClockPM Segments MSI]
acpi PNP0A08:01: _OSC failed (AE_NOT_FOUND); disabling ASPM
PCI host bridge to bus 0000:80
pci_bus 0000:80: root bus resource [bus 80-fe]
pci_bus 0000:80: root bus resource [io  0xe000-0xffff]
pci_bus 0000:80: root bus resource [mem 0xd8000000-0xfbffbfff]
pci 0000:80:00.0: [8086:2f01] type 01 class 0x060400
pci 0000:80:00.0: PME# supported from D0 D3hot D3cold
pci 0000:80:00.0: System wakeup disabled by ACPI
pci 0000:80:01.0: [8086:2f02] type 01 class 0x060400
pci 0000:80:01.0: PME# supported from D0 D3hot D3cold
pci 0000:80:01.0: System wakeup disabled by ACPI
pci 0000:80:01.1: [8086:2f03] type 01 class 0x060400
pci 0000:80:01.1: PME# supported from D0 D3hot D3cold
pci 0000:80:01.1: System wakeup disabled by ACPI
pci 0000:80:02.0: [8086:2f04] type 01 class 0x060400
pci 0000:80:02.0: PME# supported from D0 D3hot D3cold
pci 0000:80:02.0: System wakeup disabled by ACPI
pci 0000:80:03.0: [8086:2f08] type 01 class 0x060400
pci 0000:80:03.0: PME# supported from D0 D3hot D3cold
pci 0000:80:03.0: System wakeup disabled by ACPI
pci 0000:80:03.2: [8086:2f0a] type 01 class 0x060400
pci 0000:80:03.2: PME# supported from D0 D3hot D3cold
pci 0000:80:03.2: System wakeup disabled by ACPI
pci 0000:80:05.0: [8086:2f28] type 00 class 0x088000
pci 0000:80:05.1: [8086:2f29] type 00 class 0x088000
pci 0000:80:05.2: [8086:2f2a] type 00 class 0x088000
pci 0000:80:05.4: [8086:2f2c] type 00 class 0x080020
pci 0000:80:05.4: reg 0x10: [mem 0xf3100000-0xf3100fff]
pci 0000:80:00.0: PCI bridge to [bus 81]
pci 0000:80:01.0: PCI bridge to [bus 82]
pci 0000:80:01.1: PCI bridge to [bus 83]
pci 0000:84:00.0: [10de:0ff3] type 00 class 0x030000
pci 0000:84:00.0: reg 0x10: [mem 0xf2000000-0xf2ffffff]
pci 0000:84:00.0: reg 0x14: [mem 0xe0000000-0xefffffff 64bit pref]
pci 0000:84:00.0: reg 0x1c: [mem 0xf0000000-0xf1ffffff 64bit pref]
pci 0000:84:00.0: reg 0x24: [io  0xe000-0xe07f]
pci 0000:84:00.0: reg 0x30: [mem 0xfff80000-0xffffffff pref]
pci 0000:84:00.1: [10de:0e1b] type 00 class 0x040300
pci 0000:84:00.1: reg 0x10: [mem 0xf3000000-0xf3003fff]
pci 0000:80:02.0: PCI bridge to [bus 84]
pci 0000:80:02.0:   bridge window [io  0xe000-0xefff]
pci 0000:80:02.0:   bridge window [mem 0xf2000000-0xf30fffff]
pci 0000:80:02.0:   bridge window [mem 0xe0000000-0xf1ffffff 64bit pref]
pci 0000:80:03.0: PCI bridge to [bus 85]
pci 0000:80:03.2: PCI bridge to [bus 86]
pci_bus 0000:80: on NUMA node 1
ACPI: Enabled 4 GPEs in block 00 to 3F
vgaarb: device added: PCI:0000:04:00.0,decodes=io+mem,owns=io+mem,locks=none
vgaarb: device added: PCI:0000:84:00.0,decodes=io+mem,owns=none,locks=none
vgaarb: loaded
vgaarb: bridge control possible 0000:84:00.0
vgaarb: bridge control possible 0000:04:00.0
SCSI subsystem initialized
ACPI: bus type USB registered
usbcore: registered new interface driver usbfs
usbcore: registered new interface driver hub
usbcore: registered new device driver usb
PCI: Using ACPI for IRQ routing
PCI: pci_cache_line_size set to 64 bytes
e820: reserve RAM buffer [mem 0xa43eb018-0xa7ffffff]
e820: reserve RAM buffer [mem 0xa4549018-0xa7ffffff]
e820: reserve RAM buffer [mem 0xa456a018-0xa7ffffff]
e820: reserve RAM buffer [mem 0xa85b1000-0xabffffff]
e820: reserve RAM buffer [mem 0xaac4d000-0xabffffff]
NetLabel: Initializing
NetLabel:  domain hash size = 128
NetLabel:  protocols = UNLABELED CIPSOv4
NetLabel:  unlabeled traffic allowed by default
hpet0: at MMIO 0xfed00000, IRQs 2, 8, 0, 0, 0, 0, 0, 0
hpet0: 8 comparators, 64-bit 14.318180 MHz counter
Switching to clocksource hpet
pnp: PnP ACPI init
ACPI: bus type PNP registered
pnp 00:00: Plug and Play ACPI device, IDs PNP0003 (active)
pnp 00:01: [dma 4]
pnp 00:01: Plug and Play ACPI device, IDs PNP0200 (active)
pnp 00:02: Plug and Play ACPI device, IDs PNP0b00 (active)
pnp 00:03: Plug and Play ACPI device, IDs PNP0c04 (active)
pnp 00:04: Plug and Play ACPI device, IDs PNP0800 (active)
pnp 00:05: Plug and Play ACPI device, IDs PNP0103 (active)
system 00:06: [io  0x0500-0x053f] has been reserved
system 00:06: [io  0x0400-0x047f] could not be reserved
system 00:06: [io  0x0540-0x057f] has been reserved
system 00:06: [io  0x0600-0x061f] has been reserved
system 00:06: [io  0x0ca0-0x0ca5] has been reserved
system 00:06: [io  0x0880-0x0883] has been reserved
system 00:06: [io  0x0800-0x081f] has been reserved
system 00:06: [mem 0xfed1c000-0xfed3ffff] could not be reserved
system 00:06: [mem 0xfed45000-0xfed8bfff] has been reserved
system 00:06: [mem 0xff000000-0xffffffff] has been reserved
system 00:06: [mem 0xfee00000-0xfeefffff] has been reserved
system 00:06: [mem 0xfed12000-0xfed1200f] has been reserved
system 00:06: [mem 0xfed12010-0xfed1201f] has been reserved
system 00:06: [mem 0xfed1b000-0xfed1bfff] has been reserved
system 00:06: Plug and Play ACPI device, IDs PNP0c02 (active)
pnp 00:07: Plug and Play ACPI device, IDs PNP0501 (active)
pnp 00:08: Plug and Play ACPI device, IDs PNP0f03 PNP0f13 (active)
pnp 00:09: Plug and Play ACPI device, IDs PNP0303 PNP030b (active)
pnp 00:0a: Plug and Play ACPI device, IDs IFX0102 PNP0c31 (active)
pnp: PnP ACPI: found 11 devices
ACPI: bus type PNP unregistered
pci 0000:01:00.0: can't claim BAR 6 [mem 0xfff00000-0xffffffff pref]: no compatible bridge window
pci 0000:04:00.0: can't claim BAR 6 [mem 0xfff80000-0xffffffff pref]: no compatible bridge window
pci 0000:84:00.0: can't claim BAR 6 [mem 0xfff80000-0xffffffff pref]: no compatible bridge window
pci 0000:01:00.0: BAR 6: no space for [mem size 0x00100000 pref]
pci 0000:01:00.0: BAR 6: failed to assign [mem size 0x00100000 pref]
pci 0000:00:01.0: PCI bridge to [bus 01]
pci 0000:00:01.0:   bridge window [io  0x3000-0x3fff]
pci 0000:00:01.0:   bridge window [mem 0xd3300000-0xd33fffff]
pci 0000:00:01.1: PCI bridge to [bus 02]
pci 0000:00:01.1:   bridge window [mem 0xd3200000-0xd32fffff]
pci 0000:00:02.0: PCI bridge to [bus 03]
pci 0000:04:00.0: BAR 6: assigned [mem 0xd3080000-0xd30fffff pref]
pci 0000:00:03.0: PCI bridge to [bus 04]
pci 0000:00:03.0:   bridge window [io  0x2000-0x2fff]
pci 0000:00:03.0:   bridge window [mem 0xd2000000-0xd30fffff]
pci 0000:00:03.0:   bridge window [mem 0xc0000000-0xd1ffffff 64bit pref]
pci 0000:00:1c.0: PCI bridge to [bus 05]
pci 0000:00:1c.0:   bridge window [io  0x1000-0x1fff]
pci 0000:00:1c.0:   bridge window [mem 0xd3100000-0xd31fffff]
pci 0000:00:1c.3: PCI bridge to [bus 06]
pci 0000:00:1c.4: PCI bridge to [bus 07]
pci_bus 0000:00: resource 4 [io  0x0000-0x0cf7]
pci_bus 0000:00: resource 5 [io  0x1000-0xdfff]
pci_bus 0000:00: resource 6 [mem 0x000a0000-0x000bffff]
pci_bus 0000:00: resource 7 [mem 0xc0000000-0xd7ffbfff]
pci_bus 0000:01: resource 0 [io  0x3000-0x3fff]
pci_bus 0000:01: resource 1 [mem 0xd3300000-0xd33fffff]
pci_bus 0000:02: resource 1 [mem 0xd3200000-0xd32fffff]
pci_bus 0000:04: resource 0 [io  0x2000-0x2fff]
pci_bus 0000:04: resource 1 [mem 0xd2000000-0xd30fffff]
pci_bus 0000:04: resource 2 [mem 0xc0000000-0xd1ffffff 64bit pref]
pci_bus 0000:05: resource 0 [io  0x1000-0x1fff]
pci_bus 0000:05: resource 1 [mem 0xd3100000-0xd31fffff]
pci 0000:80:00.0: PCI bridge to [bus 81]
pci 0000:80:01.0: PCI bridge to [bus 82]
pci 0000:80:01.1: PCI bridge to [bus 83]
pci 0000:84:00.0: BAR 6: assigned [mem 0xf3080000-0xf30fffff pref]
pci 0000:80:02.0: PCI bridge to [bus 84]
pci 0000:80:02.0:   bridge window [io  0xe000-0xefff]
pci 0000:80:02.0:   bridge window [mem 0xf2000000-0xf30fffff]
pci 0000:80:02.0:   bridge window [mem 0xe0000000-0xf1ffffff 64bit pref]
pci 0000:80:03.0: PCI bridge to [bus 85]
pci 0000:80:03.2: PCI bridge to [bus 86]
pci_bus 0000:80: resource 4 [io  0xe000-0xffff]
pci_bus 0000:80: resource 5 [mem 0xd8000000-0xfbffbfff]
pci_bus 0000:84: resource 0 [io  0xe000-0xefff]
pci_bus 0000:84: resource 1 [mem 0xf2000000-0xf30fffff]
pci_bus 0000:84: resource 2 [mem 0xe0000000-0xf1ffffff 64bit pref]
NET: Registered protocol family 2
TCP established hash table entries: 524288 (order: 10, 4194304 bytes)
TCP bind hash table entries: 65536 (order: 8, 1048576 bytes)
TCP: Hash tables configured (established 524288 bind 65536)
TCP: reno registered
UDP hash table entries: 32768 (order: 8, 1048576 bytes)
UDP-Lite hash table entries: 32768 (order: 8, 1048576 bytes)
NET: Registered protocol family 1
pci 0000:04:00.0: Boot video device
PCI: CLS 128 bytes, default 64
Unpacking initramfs...
Freeing initrd memory: 30688k freed
PCI-DMA: Using software bounce buffering for IO (SWIOTLB)
software IO TLB [mem 0x9f9f6000-0xa39f6000] (64MB) mapped at [ffff88009f9f6000-ffff8800a39f5fff]
RAPL PMU detected, API unit is 2^-32 Joules, 3 fixed counters 655360 ms ovfl timer
hw unit of domain pp0-core 2^-14 Joules
hw unit of domain package 2^-14 Joules
hw unit of domain dram 2^-16 Joules
Intel CQM monitoring enabled
microcode: CPU0 sig=0x306f2, pf=0x1, revision=0x36
microcode: CPU1 sig=0x306f2, pf=0x1, revision=0x36
microcode: CPU2 sig=0x306f2, pf=0x1, revision=0x36
microcode: CPU3 sig=0x306f2, pf=0x1, revision=0x36
microcode: CPU4 sig=0x306f2, pf=0x1, revision=0x36
microcode: CPU5 sig=0x306f2, pf=0x1, revision=0x36
microcode: CPU6 sig=0x306f2, pf=0x1, revision=0x36
microcode: CPU7 sig=0x306f2, pf=0x1, revision=0x36
microcode: CPU8 sig=0x306f2, pf=0x1, revision=0x36
microcode: CPU9 sig=0x306f2, pf=0x1, revision=0x36
microcode: CPU10 sig=0x306f2, pf=0x1, revision=0x36
microcode: CPU11 sig=0x306f2, pf=0x1, revision=0x36
microcode: CPU12 sig=0x306f2, pf=0x1, revision=0x36
microcode: CPU13 sig=0x306f2, pf=0x1, revision=0x36
microcode: CPU14 sig=0x306f2, pf=0x1, revision=0x36
microcode: CPU15 sig=0x306f2, pf=0x1, revision=0x36
microcode: CPU16 sig=0x306f2, pf=0x1, revision=0x36
microcode: CPU17 sig=0x306f2, pf=0x1, revision=0x36
microcode: CPU18 sig=0x306f2, pf=0x1, revision=0x36
microcode: CPU19 sig=0x306f2, pf=0x1, revision=0x36
microcode: CPU20 sig=0x306f2, pf=0x1, revision=0x36
microcode: CPU21 sig=0x306f2, pf=0x1, revision=0x36
microcode: CPU22 sig=0x306f2, pf=0x1, revision=0x36
microcode: CPU23 sig=0x306f2, pf=0x1, revision=0x36
microcode: CPU24 sig=0x306f2, pf=0x1, revision=0x36
microcode: CPU25 sig=0x306f2, pf=0x1, revision=0x36
microcode: CPU26 sig=0x306f2, pf=0x1, revision=0x36
microcode: CPU27 sig=0x306f2, pf=0x1, revision=0x36
microcode: CPU28 sig=0x306f2, pf=0x1, revision=0x36
microcode: CPU29 sig=0x306f2, pf=0x1, revision=0x36
microcode: CPU30 sig=0x306f2, pf=0x1, revision=0x36
microcode: CPU31 sig=0x306f2, pf=0x1, revision=0x36
microcode: CPU32 sig=0x306f2, pf=0x1, revision=0x36
microcode: CPU33 sig=0x306f2, pf=0x1, revision=0x36
microcode: CPU34 sig=0x306f2, pf=0x1, revision=0x36
microcode: CPU35 sig=0x306f2, pf=0x1, revision=0x36
microcode: CPU36 sig=0x306f2, pf=0x1, revision=0x36
microcode: CPU37 sig=0x306f2, pf=0x1, revision=0x36
microcode: CPU38 sig=0x306f2, pf=0x1, revision=0x36
microcode: CPU39 sig=0x306f2, pf=0x1, revision=0x36
microcode: Microcode Update Driver: v2.00 <tigran@aivazian.fsnet.co.uk>, Peter Oruba
sha1_ssse3: Using AVX2 optimized SHA-1 implementation
sha256_ssse3: Using AVX2 optimized SHA-256 implementation
futex hash table entries: 65536 (order: 10, 4194304 bytes)
Initialise system trusted keyring
audit: initializing netlink socket (disabled)
type=2000 audit(1465027906.340:1): initialized
HugeTLB registered 1 GB page size, pre-allocated 0 pages
HugeTLB registered 2 MB page size, pre-allocated 0 pages
zpool: loaded
zbud: loaded
VFS: Disk quotas dquot_6.5.2
Dquot-cache hash table entries: 512 (order 0, 4096 bytes)
msgmni has been set to 32768
Key type big_key registered
SELinux:  Registering netfilter hooks
NET: Registered protocol family 38
Key type asymmetric registered
Asymmetric key parser 'x509' registered
Block layer SCSI generic (bsg) driver version 0.4 loaded (major 251)
io scheduler noop registered
io scheduler deadline registered (default)
io scheduler cfq registered
pcieport 0000:00:01.0: irq 25 for MSI/MSI-X
pcieport 0000:00:01.1: irq 26 for MSI/MSI-X
pcieport 0000:00:02.0: irq 27 for MSI/MSI-X
pcieport 0000:00:03.0: irq 28 for MSI/MSI-X
aer 0000:00:01.0:pcie02: service driver aer loaded
aer 0000:00:01.1:pcie02: service driver aer loaded
aer 0000:00:02.0:pcie02: service driver aer loaded
aer 0000:00:03.0:pcie02: service driver aer loaded
ioapic: probe of 0000:00:05.4 failed with error -22
ioapic: probe of 0000:80:05.4 failed with error -22
pci_hotplug: PCI Hot Plug PCI Core version: 0.5
pciehp: PCI Express Hot Plug Controller Driver version: 0.4
efifb: probing for efifb
efifb: framebuffer at 0xd1000000, mapped to 0xffffc90016d00000, using 3072k, total 3072k
efifb: mode is 1024x768x32, linelength=4096, pages=1
efifb: scrolling: redraw
efifb: Truecolor: size=8:8:8:8, shift=24:16:8:0
Console: switching to colour frame buffer device 128x48
fb0: EFI VGA frame buffer device
intel_idle: MWAIT substates: 0x2120
intel_idle: v0.4 model 0x3F
intel_idle: lapic_timer_reliable_states 0xffffffff
input: Power Button as /devices/LNXSYSTM:00/device:00/PNP0C0C:00/input/input0
ACPI: Power Button [PWRB]
input: Power Button as /devices/LNXSYSTM:00/LNXPWRBN:00/input/input1
ACPI: Power Button [PWRF]
ACPI: Requesting acpi_cpufreq
GHES: HEST is not enabled!
00:07: ttyS0 at I/O 0x3f8 (irq = 4) is a 16550A
serial 0000:00:16.3: enabling device (0000 -> 0003)
0000:00:16.3: ttyS1 at I/O 0x4090 (irq = 17) is a 16550A
Non-volatile memory driver v1.3
Linux agpgart interface v0.103
tpm_tis 00:0a: 1.2 TPM (device-id 0x1A, rev-id 16)
crash memory driver: version 1.1
rdac: device handler registered
hp_sw: device handler registered
emc: device handler registered
alua: device handler registered
libphy: Fixed MDIO Bus: probed
xhci_hcd 0000:00:14.0: xHCI Host Controller
xhci_hcd 0000:00:14.0: new USB bus registered, assigned bus number 1
xhci_hcd 0000:00:14.0: hcc params 0x200077c1 hci version 0x100 quirks 0x00009810
xhci_hcd 0000:00:14.0: cache line size of 128 is not supported
usb usb1: New USB device found, idVendor=1d6b, idProduct=0002
usb usb1: New USB device strings: Mfr=3, Product=2, SerialNumber=1
usb usb1: Product: xHCI Host Controller
usb usb1: Manufacturer: Linux 3.10.0-327.el7.x86_64 xhci-hcd
usb usb1: SerialNumber: 0000:00:14.0
hub 1-0:1.0: USB hub found
hub 1-0:1.0: 15 ports detected
xhci_hcd 0000:00:14.0: xHCI Host Controller
xhci_hcd 0000:00:14.0: new USB bus registered, assigned bus number 2
usb usb2: New USB device found, idVendor=1d6b, idProduct=0003
usb usb2: New USB device strings: Mfr=3, Product=2, SerialNumber=1
usb usb2: Product: xHCI Host Controller
usb usb2: Manufacturer: Linux 3.10.0-327.el7.x86_64 xhci-hcd
usb usb2: SerialNumber: 0000:00:14.0
hub 2-0:1.0: USB hub found
hub 2-0:1.0: 6 ports detected
usb: failed to peer usb2-port4 and usb1-port7 by location (usb2-port4:none) (usb1-port7:usb2-port3)
usb usb2-port4: failed to peer to usb1-port7 (-16)
usb: port power management may be unreliable
ehci_hcd: USB 2.0 'Enhanced' Host Controller (EHCI) Driver
ehci-pci: EHCI PCI platform driver
ehci-pci 0000:00:1a.0: EHCI Host Controller
ehci-pci 0000:00:1a.0: new USB bus registered, assigned bus number 3
ehci-pci 0000:00:1a.0: debug port 2
ehci-pci 0000:00:1a.0: cache line size of 128 is not supported
ehci-pci 0000:00:1a.0: irq 18, io mem 0xd343a000
ehci-pci 0000:00:1a.0: USB 2.0 started, EHCI 1.00
usb usb3: New USB device found, idVendor=1d6b, idProduct=0002
usb usb3: New USB device strings: Mfr=3, Product=2, SerialNumber=1
usb usb3: Product: EHCI Host Controller
usb usb3: Manufacturer: Linux 3.10.0-327.el7.x86_64 ehci_hcd
usb usb3: SerialNumber: 0000:00:1a.0
hub 3-0:1.0: USB hub found
hub 3-0:1.0: 2 ports detected
ehci-pci 0000:00:1d.0: EHCI Host Controller
ehci-pci 0000:00:1d.0: new USB bus registered, assigned bus number 4
ehci-pci 0000:00:1d.0: debug port 2
ehci-pci 0000:00:1d.0: cache line size of 128 is not supported
ehci-pci 0000:00:1d.0: irq 18, io mem 0xd3439000
ehci-pci 0000:00:1d.0: USB 2.0 started, EHCI 1.00
usb usb4: New USB device found, idVendor=1d6b, idProduct=0002
usb usb4: New USB device strings: Mfr=3, Product=2, SerialNumber=1
usb usb4: Product: EHCI Host Controller
usb usb4: Manufacturer: Linux 3.10.0-327.el7.x86_64 ehci_hcd
usb usb4: SerialNumber: 0000:00:1d.0
hub 4-0:1.0: USB hub found
hub 4-0:1.0: 2 ports detected
ohci_hcd: USB 1.1 'Open' Host Controller (OHCI) Driver
ohci-pci: OHCI PCI platform driver
uhci_hcd: USB Universal Host Controller Interface driver
usbcore: registered new interface driver usbserial
usbcore: registered new interface driver usbserial_generic
i8042: PNP: PS/2 Controller [PNP0303:PS2K,PNP0f03:PS2M] at 0x60,0x64 irq 1,12
serio: i8042 KBD port at 0x60,0x64 irq 1
serio: i8042 AUX port at 0x60,0x64 irq 12
mousedev: PS/2 mouse device common for all mice
rtc_cmos 00:02: RTC can wake from S4
rtc_cmos 00:02: rtc core: registered rtc_cmos as rtc0
rtc_cmos 00:02: alarms up to one month, y3k, 114 bytes nvram, hpet irqs
Intel P-state driver initializing.
cpuidle: using governor menu
EFI Variables Facility v0.08 2004-May-17
input: AT Translated Set 2 keyboard as /devices/platform/i8042/serio0/input/input2
hidraw: raw HID events driver (C) Jiri Kosina
usbcore: registered new interface driver usbhid
usbhid: USB HID core driver
drop_monitor: Initializing network drop monitor service
TCP: cubic registered
Initializing XFRM netlink socket
NET: Registered protocol family 10
NET: Registered protocol family 17
Loading compiled-in X.509 certificates
Loaded X.509 cert 'CentOS Linux kpatch signing key: ea0413152cde1d98ebdca3fe6f0230904c9ef717'
Loaded X.509 cert 'CentOS Linux Driver update signing key: 7f421ee0ab69461574bb358861dbe77762a4201b'
Loaded X.509 cert 'CentOS Linux kernel signing key: 79ad886a113ca0223526336c0f825b8a94296ab3'
registered taskstats version 1
Key type trusted registered
Key type encrypted registered
usb 2-4: new SuperSpeed USB device number 2 using xhci_hcd
usb 2-4: New USB device found, idVendor=0451, idProduct=8140
usb 2-4: New USB device strings: Mfr=0, Product=0, SerialNumber=0
hub 2-4:1.0: USB hub found
hub 2-4:1.0: 4 ports detected
usb 3-1: new high-speed USB device number 2 using ehci-pci
usb 4-1: new high-speed USB device number 2 using ehci-pci
usb 1-12: new full-speed USB device number 2 using xhci_hcd
rtc_cmos 00:02: setting system clock to 2016-06-04 08:11:48 UTC (1465027908)
Freeing unused kernel memory: 1620k freed
usb 3-1: New USB device found, idVendor=8087, idProduct=800a
usb 3-1: New USB device strings: Mfr=0, Product=0, SerialNumber=0
hub 3-1:1.0: USB hub found
hub 3-1:1.0: 6 ports detected
usb 4-1: New USB device found, idVendor=8087, idProduct=8002
usb 4-1: New USB device strings: Mfr=0, Product=0, SerialNumber=0
hub 4-1:1.0: USB hub found
hub 4-1:1.0: 8 ports detected
systemd[1]: systemd 219 running in system mode. (+PAM +AUDIT +SELINUX +IMA -APPARMOR +SMACK +SYSVINIT +UTMP +LIBCRYPTSETUP +GCRYPT +GNUTLS +ACL +XZ -LZ4 -SECCOMP +BLKID +ELFUTILS +KMOD +IDN)
systemd[1]: Detected architecture x86-64.
systemd[1]: Running in initial RAM disk.
systemd[1]: Set hostname to <cvoltz.americas.hpqcorp.net>.
usb 1-12: New USB device found, idVendor=3938, idProduct=1032
usb 1-12: New USB device strings: Mfr=1, Product=2, SerialNumber=0
usb 1-12: Product: 2.4G RF Keyboard & Mouse
usb 1-12: Manufacturer: MOSART Semi.
usb 1-12: ep 0x81 - rounding interval to 64 microframes, ep desc says 80 microframes
input: MOSART Semi. 2.4G RF Keyboard & Mouse as /devices/pci0000:00/0000:00:14.0/usb1/1-12/1-12:1.0/input/input3
systemd[1]: Reached target Local File Systems.
systemd[1]: Starting Local File Systems.
systemd[1]: Reached target Timers.
systemd[1]: Starting Timers.
systemd[1]: Reached target Swap.
systemd[1]: Starting Swap.
systemd[1]: Created slice -.slice.
systemd[1]: Starting -.slice.
systemd[1]: Created slice System Slice.
systemd[1]: Starting System Slice.
systemd[1]: Reached target Slices.
systemd[1]: Starting Slices.
systemd[1]: Listening on udev Control Socket.
systemd[1]: Starting udev Control Socket.
systemd[1]: Listening on udev Kernel Socket.
systemd[1]: Starting udev Kernel Socket.
systemd[1]: Listening on Journal Socket.
systemd[1]: Starting Journal Socket.
systemd[1]: Reached target Sockets.
systemd[1]: Starting Sockets.
systemd[1]: Starting Setup Virtual Console...
systemd[1]: Starting Journal Service...
systemd[1]: Started Load Kernel Modules.
systemd[1]: Starting Apply Kernel Variables...
systemd[1]: Started dracut ask for additional cmdline parameters.
systemd[1]: Starting dracut cmdline hook...
systemd[1]: Starting Create list of required static device nodes for the current kernel...
systemd[1]: Started Apply Kernel Variables.
systemd[1]: Started Create list of required static device nodes for the current kernel.
systemd[1]: Starting Create Static Device Nodes in /dev...
systemd[1]: Started Create Static Device Nodes in /dev.
hid-generic 0003:3938:1032.0001: input,hidraw0: USB HID v1.10 Keyboard [MOSART Semi. 2.4G RF Keyboard & Mouse] on usb-0000:00:14.0-12/input0
input: MOSART Semi. 2.4G RF Keyboard & Mouse as /devices/pci0000:00/0000:00:14.0/usb1/1-12/1-12:1.1/input/input4
systemd[1]: Started Journal Service.
hid-generic 0003:3938:1032.0002: input,hiddev0,hidraw1: USB HID v1.10 Mouse [MOSART Semi. 2.4G RF Keyboard & Mouse] on usb-0000:00:14.0-12/input1
tsc: Refined TSC clocksource calibration: 2294.685 MHz
Switching to clocksource tsc
device-mapper: uevent: version 1.0.3
device-mapper: ioctl: 4.33.0-ioctl (2015-8-18) initialised: dm-devel@redhat.com
usb 1-13: new high-speed USB device number 3 using xhci_hcd
wmi: Mapper loaded
pps_core: LinuxPPS API ver. 1 registered
pps_core: Software ver. 5.3.6 - Copyright 2005-2007 Rodolfo Giometti <giometti@linux.it>
usb 1-13: New USB device found, idVendor=0451, idProduct=8142
usb 1-13: New USB device strings: Mfr=0, Product=0, SerialNumber=1
usb 1-13: SerialNumber: 23030869CFFC
hub 1-13:1.0: USB hub found
hub 1-13:1.0: 4 ports detected
PTP clock support registered
mpt2sas version 20.100.00.00 loaded
usb: failed to peer 1-13-port2 and usb2-port3 by location (1-13-port2:none) (usb2-port3:usb1-port7)
usb 1-13-port2: failed to peer to usb2-port3 (-16)
usb: failed to peer 1-13-port3 and usb2-port3 by location (1-13-port3:none) (usb2-port3:usb1-port7)
usb 1-13-port3: failed to peer to usb2-port3 (-16)
libata version 3.00 loaded.
usb: failed to peer 1-13-port4 and usb2-port3 by location (1-13-port4:none) (usb2-port3:usb1-port7)
usb 1-13-port4: failed to peer to usb2-port3 (-16)
mpt2sas0: 64 BIT PCI BUS DMA ADDRESSING SUPPORTED, total mem (65701204 kB)
dca service started, version 1.12.1
e1000e: Intel(R) PRO/1000 Network Driver - 3.2.5-k
e1000e: Copyright(c) 1999 - 2015 Intel Corporation.
e1000e 0000:00:19.0: enabling device (0140 -> 0142)
e1000e 0000:00:19.0: Interrupt Throttling Rate (ints/sec) set to dynamic conservative mode
e1000e 0000:00:19.0: irq 30 for MSI/MSI-X
igb: Intel(R) Gigabit Ethernet Network Driver - version 5.2.15-k
igb: Copyright (c) 2007-2014 Intel Corporation.
[drm] Initialized drm 1.1.0 20060810
igb 0000:05:00.0: enabling device (0100 -> 0102)
igb 0000:05:00.0: irq 31 for MSI/MSI-X
igb 0000:05:00.0: irq 32 for MSI/MSI-X
igb 0000:05:00.0: irq 33 for MSI/MSI-X
igb 0000:05:00.0: irq 34 for MSI/MSI-X
igb 0000:05:00.0: irq 35 for MSI/MSI-X
checking generic (d1000000 300000) vs hw (c0000000 10000000)
checking generic (d1000000 300000) vs hw (d0000000 2000000)
fb: conflicting fb hw usage nouveaufb vs EFI VGA - removing generic driver
Console: switching to colour dummy device 80x25
nouveau  [  DEVICE][0000:04:00.0] BOOT0  : 0x0e7330a2
nouveau  [  DEVICE][0000:04:00.0] Chipset: GK107 (NVE7)
nouveau  [  DEVICE][0000:04:00.0] Family : NVE0
input: ImPS/2 Logitech Wheel Mouse as /devices/platform/i8042/serio1/input/input5
usb 1-14: new high-speed USB device number 4 using xhci_hcd
pps pps0: new PPS source ptp0
igb 0000:05:00.0: added PHC on eth0
igb 0000:05:00.0: Intel(R) Gigabit Ethernet Network Connection
igb 0000:05:00.0: eth0: (PCIe:2.5Gb/s:Width x1) 48:0f:cf:4a:5e:59
igb 0000:05:00.0: eth0: PBA No: 000300-000
igb 0000:05:00.0: Using MSI-X interrupts. 4 rx queue(s), 4 tx queue(s)
nouveau  [   VBIOS][0000:04:00.0] using image from PROM
nouveau  [   VBIOS][0000:04:00.0] BIT signature found
nouveau  [   VBIOS][0000:04:00.0] version 80.07.f0.00.02
nouveau 0000:04:00.0: irq 37 for MSI/MSI-X
nouveau  [     PMC][0000:04:00.0] MSI interrupts enabled
nouveau  [     PFB][0000:04:00.0] RAM type: DDR3
nouveau  [     PFB][0000:04:00.0] RAM size: 2048 MiB
nouveau  [     PFB][0000:04:00.0]    ZCOMP: 0 tags
nouveau  [    VOLT][0000:04:00.0] GPU voltage: 900000uv
e1000e 0000:00:19.0 eth0: registered PHC clock
e1000e 0000:00:19.0 eth0: (PCI Express:2.5GT/s:Width x1) 48:0f:cf:4a:5e:58
e1000e 0000:00:19.0 eth0: Intel(R) PRO/1000 Network Connection
e1000e 0000:00:19.0 eth0: MAC: 11, PHY: 12, PBA No: FFFFFF-0FF
mpt2sas0: MSI-X vectors supported: 16, no of cores: 40, max_msix_vectors: -1
mpt2sas 0000:01:00.0: irq 38 for MSI/MSI-X
mpt2sas 0000:01:00.0: irq 39 for MSI/MSI-X
mpt2sas 0000:01:00.0: irq 40 for MSI/MSI-X
mpt2sas 0000:01:00.0: irq 41 for MSI/MSI-X
mpt2sas 0000:01:00.0: irq 42 for MSI/MSI-X
