MemTotal:        3880088 kB
MemFree:         1973992 kB
MemAvailable:    2806596 kB
Buffers:          423124 kB
Cached:           523148 kB
SwapCached:          152 kB
Active:           874560 kB
Inactive:         761412 kB
Active(anon):     298156 kB
Inactive(anon):   401616 kB
Active(file):     576404 kB
Inactive(file):   359796 kB
Unevictable:           0 kB
Mlocked:               0 kB
SwapTotal:       1949692 kB
SwapFree:        1949256 kB
Dirty:               296 kB
Writeback:             0 kB
AnonPages:        689644 kB
Mapped:            30232 kB
Shmem:             10004 kB
Slab:             192752 kB
SReclaimable:     130676 kB
SUnreclaim:        62076 kB
KernelStack:        6176 kB
PageTables:        27340 kB
NFS_Unstable:          0 kB
Bounce:                0 kB
WritebackTmp:          0 kB
CommitLimit:     3889736 kB
Committed_AS:    2662844 kB
VmallocTotal:   34359738367 kB
VmallocUsed:      120796 kB
VmallocChunk:   34359608824 kB
HardwareCorrupted:     0 kB
AnonHugePages:    389120 kB
HugePages_Total:       0
HugePages_Free:        0
HugePages_Rsvd:        0
HugePages_Surp:        0
Hugepagesize:       2048 kB
DirectMap4k:       85952 kB
DirectMap2M:     4108288 kB
