MemTotal:       65701204 kB
MemFree:        56949732 kB
MemAvailable:   64337736 kB
Buffers:          341412 kB
Cached:          6982048 kB
SwapCached:            0 kB
Active:          3298524 kB
Inactive:        4251868 kB
Active(anon):     228620 kB
Inactive(anon):     8372 kB
Active(file):    3069904 kB
Inactive(file):  4243496 kB
Unevictable:           0 kB
Mlocked:               0 kB
SwapTotal:      33554428 kB
SwapFree:       33554428 kB
Dirty:                88 kB
Writeback:             0 kB
AnonPages:        226608 kB
Mapped:            90932 kB
Shmem:             10064 kB
Slab:             603812 kB
SReclaimable:     412488 kB
SUnreclaim:       191324 kB
KernelStack:       18176 kB
PageTables:        15296 kB
NFS_Unstable:          0 kB
Bounce:                0 kB
WritebackTmp:          0 kB
CommitLimit:    66405028 kB
Committed_AS:    1478708 kB
VmallocTotal:   34359738367 kB
VmallocUsed:      522172 kB
VmallocChunk:   34325675672 kB
HardwareCorrupted:     0 kB
AnonHugePages:     32768 kB
HugePages_Total:       0
HugePages_Free:        0
HugePages_Rsvd:        0
HugePages_Surp:        0
Hugepagesize:       2048 kB
DirectMap4k:      170168 kB
DirectMap2M:     4986880 kB
DirectMap1G:    61865984 kB
