MemTotal:       65701204 kB
MemFree:        57291416 kB
MemAvailable:   64178724 kB
Buffers:          424820 kB
Cached:          6395788 kB
SwapCached:            0 kB
Active:          4309760 kB
Inactive:        2912844 kB
Active(anon):     403636 kB
Inactive(anon):     9668 kB
Active(file):    3906124 kB
Inactive(file):  2903176 kB
Unevictable:           0 kB
Mlocked:               0 kB
SwapTotal:      33554428 kB
SwapFree:       33554428 kB
Dirty:               128 kB
Writeback:             0 kB
AnonPages:        401996 kB
Mapped:           106636 kB
Shmem:             11308 kB
Slab:             601468 kB
SReclaimable:     415892 kB
SUnreclaim:       185576 kB
KernelStack:       19184 kB
PageTables:        26488 kB
NFS_Unstable:          0 kB
Bounce:                0 kB
WritebackTmp:          0 kB
CommitLimit:    66405028 kB
Committed_AS:    2280896 kB
VmallocTotal:   34359738367 kB
VmallocUsed:      468840 kB
VmallocChunk:   34325730556 kB
HardwareCorrupted:     0 kB
AnonHugePages:    120832 kB
HugePages_Total:       0
HugePages_Free:        0
HugePages_Rsvd:        0
HugePages_Surp:        0
Hugepagesize:       2048 kB
DirectMap4k:      196792 kB
DirectMap2M:     3911680 kB
DirectMap1G:    62914560 kB
