MemTotal:       65701204 kB
MemFree:        58742696 kB
MemAvailable:   64167904 kB
Buffers:            2416 kB
Cached:          5262132 kB
SwapCached:            0 kB
Active:          2010804 kB
Inactive:        3491408 kB
Active(anon):     239416 kB
Inactive(anon):     8992 kB
Active(file):    1771388 kB
Inactive(file):  3482416 kB
Unevictable:           0 kB
Mlocked:               0 kB
SwapTotal:      33550332 kB
SwapFree:       33550332 kB
Dirty:                 8 kB
Writeback:             0 kB
AnonPages:        237684 kB
Mapped:            90128 kB
Shmem:             10736 kB
Slab:             766992 kB
SReclaimable:     509288 kB
SUnreclaim:       257704 kB
KernelStack:       18336 kB
PageTables:        16752 kB
NFS_Unstable:          0 kB
Bounce:                0 kB
WritebackTmp:          0 kB
CommitLimit:    66400932 kB
Committed_AS:    1470476 kB
VmallocTotal:   34359738367 kB
VmallocUsed:      470912 kB
VmallocChunk:   34325726972 kB
HardwareCorrupted:     0 kB
AnonHugePages:     26624 kB
HugePages_Total:       0
HugePages_Free:        0
HugePages_Rsvd:        0
HugePages_Surp:        0
Hugepagesize:       2048 kB
DirectMap4k:      186552 kB
DirectMap2M:     3921920 kB
DirectMap1G:    62914560 kB
